Archive member included to satisfy reference by file (symbol)

/opt/st/stm32cubeide_1.14.0/plugins/com.st.stm32cube.ide.mcu.externaltools.gnu-tools-for-stm32.11.3.rel1.linux64_1.1.100.202309141235/tools/bin/../lib/gcc/arm-none-eabi/11.3.1/../../../../arm-none-eabi/lib/thumb/v7e-m+fp/hard/libc_nano.a(libc_a-exit.o)
                              /opt/st/stm32cubeide_1.14.0/plugins/com.st.stm32cube.ide.mcu.externaltools.gnu-tools-for-stm32.11.3.rel1.linux64_1.1.100.202309141235/tools/bin/../lib/gcc/arm-none-eabi/11.3.1/../../../../arm-none-eabi/lib/thumb/v7e-m+fp/hard/crt0.o (exit)
/opt/st/stm32cubeide_1.14.0/plugins/com.st.stm32cube.ide.mcu.externaltools.gnu-tools-for-stm32.11.3.rel1.linux64_1.1.100.202309141235/tools/bin/../lib/gcc/arm-none-eabi/11.3.1/../../../../arm-none-eabi/lib/thumb/v7e-m+fp/hard/libc_nano.a(libc_a-findfp.o)
                              /opt/st/stm32cubeide_1.14.0/plugins/com.st.stm32cube.ide.mcu.externaltools.gnu-tools-for-stm32.11.3.rel1.linux64_1.1.100.202309141235/tools/bin/../lib/gcc/arm-none-eabi/11.3.1/../../../../arm-none-eabi/lib/thumb/v7e-m+fp/hard/libc_nano.a(libc_a-exit.o) (__stdio_exit_handler)
/opt/st/stm32cubeide_1.14.0/plugins/com.st.stm32cube.ide.mcu.externaltools.gnu-tools-for-stm32.11.3.rel1.linux64_1.1.100.202309141235/tools/bin/../lib/gcc/arm-none-eabi/11.3.1/../../../../arm-none-eabi/lib/thumb/v7e-m+fp/hard/libc_nano.a(libc_a-fwalk.o)
                              /opt/st/stm32cubeide_1.14.0/plugins/com.st.stm32cube.ide.mcu.externaltools.gnu-tools-for-stm32.11.3.rel1.linux64_1.1.100.202309141235/tools/bin/../lib/gcc/arm-none-eabi/11.3.1/../../../../arm-none-eabi/lib/thumb/v7e-m+fp/hard/libc_nano.a(libc_a-findfp.o) (_fwalk_sglue)
/opt/st/stm32cubeide_1.14.0/plugins/com.st.stm32cube.ide.mcu.externaltools.gnu-tools-for-stm32.11.3.rel1.linux64_1.1.100.202309141235/tools/bin/../lib/gcc/arm-none-eabi/11.3.1/../../../../arm-none-eabi/lib/thumb/v7e-m+fp/hard/libc_nano.a(libc_a-snprintf.o)
                              ./Core/Src/main.o (snprintf)
/opt/st/stm32cubeide_1.14.0/plugins/com.st.stm32cube.ide.mcu.externaltools.gnu-tools-for-stm32.11.3.rel1.linux64_1.1.100.202309141235/tools/bin/../lib/gcc/arm-none-eabi/11.3.1/../../../../arm-none-eabi/lib/thumb/v7e-m+fp/hard/libc_nano.a(libc_a-stdio.o)
                              /opt/st/stm32cubeide_1.14.0/plugins/com.st.stm32cube.ide.mcu.externaltools.gnu-tools-for-stm32.11.3.rel1.linux64_1.1.100.202309141235/tools/bin/../lib/gcc/arm-none-eabi/11.3.1/../../../../arm-none-eabi/lib/thumb/v7e-m+fp/hard/libc_nano.a(libc_a-findfp.o) (__sread)
/opt/st/stm32cubeide_1.14.0/plugins/com.st.stm32cube.ide.mcu.externaltools.gnu-tools-for-stm32.11.3.rel1.linux64_1.1.100.202309141235/tools/bin/../lib/gcc/arm-none-eabi/11.3.1/../../../../arm-none-eabi/lib/thumb/v7e-m+fp/hard/libc_nano.a(libc_a-memset.o)
                              /opt/st/stm32cubeide_1.14.0/plugins/com.st.stm32cube.ide.mcu.externaltools.gnu-tools-for-stm32.11.3.rel1.linux64_1.1.100.202309141235/tools/bin/../lib/gcc/arm-none-eabi/11.3.1/../../../../arm-none-eabi/lib/thumb/v7e-m+fp/hard/crt0.o (memset)
/opt/st/stm32cubeide_1.14.0/plugins/com.st.stm32cube.ide.mcu.externaltools.gnu-tools-for-stm32.11.3.rel1.linux64_1.1.100.202309141235/tools/bin/../lib/gcc/arm-none-eabi/11.3.1/../../../../arm-none-eabi/lib/thumb/v7e-m+fp/hard/libc_nano.a(libc_a-closer.o)
                              /opt/st/stm32cubeide_1.14.0/plugins/com.st.stm32cube.ide.mcu.externaltools.gnu-tools-for-stm32.11.3.rel1.linux64_1.1.100.202309141235/tools/bin/../lib/gcc/arm-none-eabi/11.3.1/../../../../arm-none-eabi/lib/thumb/v7e-m+fp/hard/libc_nano.a(libc_a-stdio.o) (_close_r)
/opt/st/stm32cubeide_1.14.0/plugins/com.st.stm32cube.ide.mcu.externaltools.gnu-tools-for-stm32.11.3.rel1.linux64_1.1.100.202309141235/tools/bin/../lib/gcc/arm-none-eabi/11.3.1/../../../../arm-none-eabi/lib/thumb/v7e-m+fp/hard/libc_nano.a(libc_a-reent.o)
                              /opt/st/stm32cubeide_1.14.0/plugins/com.st.stm32cube.ide.mcu.externaltools.gnu-tools-for-stm32.11.3.rel1.linux64_1.1.100.202309141235/tools/bin/../lib/gcc/arm-none-eabi/11.3.1/../../../../arm-none-eabi/lib/thumb/v7e-m+fp/hard/libc_nano.a(libc_a-closer.o) (errno)
/opt/st/stm32cubeide_1.14.0/plugins/com.st.stm32cube.ide.mcu.externaltools.gnu-tools-for-stm32.11.3.rel1.linux64_1.1.100.202309141235/tools/bin/../lib/gcc/arm-none-eabi/11.3.1/../../../../arm-none-eabi/lib/thumb/v7e-m+fp/hard/libc_nano.a(libc_a-impure.o)
                              /opt/st/stm32cubeide_1.14.0/plugins/com.st.stm32cube.ide.mcu.externaltools.gnu-tools-for-stm32.11.3.rel1.linux64_1.1.100.202309141235/tools/bin/../lib/gcc/arm-none-eabi/11.3.1/../../../../arm-none-eabi/lib/thumb/v7e-m+fp/hard/libc_nano.a(libc_a-snprintf.o) (_impure_ptr)
[...]
Memory Configuration

Name             Origin             Length             Attributes
RAM              0x0000000020000000 0x0000000000010000 xrw
FLASH            0x0000000008000000 0x0000000000040000 xr
*default*        0x0000000000000000 0xffffffffffffffff

Linker script and memory map

LOAD /opt/st/stm32cubeide_1.14.0/plugins/com.st.stm32cube.ide.mcu.externaltools.gnu-tools-for-stm32.11.3.rel1.linux64_1.1.100.202309141235/tools/bin/../lib/gcc/arm-none-eabi/11.3.1/thumb/v7e-m+fp/hard/crti.o
LOAD /opt/st/stm32cubeide_1.14.0/plugins/com.st.stm32cube.ide.mcu.externaltools.gnu-tools-for-stm32.11.3.rel1.linux64_1.1.100.202309141235/tools/bin/../lib/gcc/arm-none-eabi/11.3.1/thumb/v7e-m+fp/hard/crtbegin.o
LOAD /opt/st/stm32cubeide_1.14.0/plugins/com.st.stm32cube.ide.mcu.externaltools.gnu-tools-for-stm32.11.3.rel1.linux64_1.1.100.202309141235/tools/bin/../lib/gcc/arm-none-eabi/11.3.1/../../../../arm-none-eabi/lib/thumb/v7e-m+fp/hard/crt0.o
LOAD ./Core/Src/fonts.o
LOAD ./Core/Src/gpio.o
LOAD ./Core/Src/i2c.o
LOAD ./Core/Src/main.o
LOAD ./Core/Src/si5351.o
LOAD ./Core/Src/ssd1306.o
LOAD ./Core/Src/stm32f4xx_hal_msp.o
LOAD ./Core/Src/stm32f4xx_it.o
LOAD ./Core/Src/syscalls.o
LOAD ./Core/Src/sysmem.o
LOAD ./Core/Src/system_stm32f4xx.o
LOAD ./Core/Src/tim.o
LOAD ./Core/Src/usart.o
LOAD ./Core/Startup/startup_stm32f401ccux.o
LOAD ./Drivers/STM32F4xx_HAL_Driver/Src/stm32f4xx_hal.o
LOAD ./Drivers/STM32F4xx_HAL_Driver/Src/stm32f4xx_hal_cortex.o
LOAD ./Drivers/STM32F4xx_HAL_Driver/Src/stm32f4xx_hal_dma.o
LOAD ./Drivers/STM32F4xx_HAL_Driver/Src/stm32f4xx_hal_dma_ex.o
LOAD ./Drivers/STM32F4xx_HAL_Driver/Src/stm32f4xx_hal_exti.o
LOAD ./Drivers/STM32F4xx_HAL_Driver/Src/stm32f4xx_hal_flash.o
LOAD ./Drivers/STM32F4xx_HAL_Driver/Src/stm32f4xx_hal_flash_ex.o
LOAD ./Drivers/STM32F4xx_HAL_Driver/Src/stm32f4xx_hal_flash_ramfunc.o
LOAD ./Drivers/STM32F4xx_HAL_Driver/Src/stm32f4xx_hal_gpio.o
LOAD ./Drivers/STM32F4xx_HAL_Driver/Src/stm32f4xx_hal_i2c.o
LOAD ./Drivers/STM32F4xx_HAL_Driver/Src/stm32f4xx_hal_i2c_ex.o
LOAD ./Drivers/STM32F4xx_HAL_Driver/Src/stm32f4xx_hal_pwr.o
LOAD ./Drivers/STM32F4xx_HAL_Driver/Src/stm32f4xx_hal_pwr_ex.o
LOAD ./Drivers/STM32F4xx_HAL_Driver/Src/stm32f4xx_hal_rcc.o
LOAD ./Drivers/STM32F4xx_HAL_Driver/Src/stm32f4xx_hal_rcc_ex.o
LOAD ./Drivers/STM32F4xx_HAL_Driver/Src/stm32f4xx_hal_tim.o
LOAD ./Drivers/STM32F4xx_HAL_Driver/Src/stm32f4xx_hal_tim_ex.o
LOAD ./Drivers/STM32F4xx_HAL_Driver/Src/stm32f4xx_hal_uart.o
START GROUP
LOAD /opt/st/stm32cubeide_1.14.0/plugins/com.st.stm32cube.ide.mcu.externaltools.gnu-tools-for-stm32.11.3.rel1.linux64_1.1.100.202309141235/tools/bin/../lib/gcc/arm-none-eabi/11.3.1/../../../../arm-none-eabi/lib/thumb/v7e-m+fp/hard/libc_nano.a
LOAD /opt/st/stm32cubeide_1.14.0/plugins/com.st.stm32cube.ide.mcu.externaltools.gnu-tools-for-stm32.11.3.rel1.linux64_1.1.100.202309141235/tools/bin/../lib/gcc/arm-none-eabi/11.3.1/../../../../arm-none-eabi/lib/thumb/v7e-m+fp/hard/libm.a
END GROUP
START GROUP
LOAD /opt/st/stm32cubeide_1.14.0/plugins/com.st.stm32cube.ide.mcu.externaltools.gnu-tools-for-stm32.11.3.rel1.linux64_1.1.100.202309141235/tools/bin/../lib/gcc/arm-none-eabi/11.3.1/thumb/v7e-m+fp/hard/libgcc.a
LOAD /opt/st/stm32cubeide_1.14.0/plugins/com.st.stm32cube.ide.mcu.externaltools.gnu-tools-for-stm32.11.3.rel1.linux64_1.1.100.202309141235/tools/bin/../lib/gcc/arm-none-eabi/11.3.1/../../../../arm-none-eabi/lib/thumb/v7e-m+fp/hard/libc_nano.a
END GROUP
START GROUP
LOAD /opt/st/stm32cubeide_1.14.0/plugins/com.st.stm32cube.ide.mcu.externaltools.gnu-tools-for-stm32.11.3.rel1.linux64_1.1.100.202309141235/tools/bin/../lib/gcc/arm-none-eabi/11.3.1/thumb/v7e-m+fp/hard/libgcc.a
LOAD /opt/st/stm32cubeide_1.14.0/plugins/com.st.stm32cube.ide.mcu.externaltools.gnu-tools-for-stm32.11.3.rel1.linux64_1.1.100.202309141235/tools/bin/../lib/gcc/arm-none-eabi/11.3.1/../../../../arm-none-eabi/lib/thumb/v7e-m+fp/hard/libc_nano.a
LOAD /opt/st/stm32cubeide_1.14.0/plugins/com.st.stm32cube.ide.mcu.externaltools.gnu-tools-for-stm32.11.3.rel1.linux64_1.1.100.202309141235/tools/bin/../lib/gcc/arm-none-eabi/11.3.1/../../../../arm-none-eabi/lib/thumb/v7e-m+fp/hard/libnosys.a
END GROUP
START GROUP
LOAD /opt/st/stm32cubeide_1.14.0/plugins/com.st.stm32cube.ide.mcu.externaltools.gnu-tools-for-stm32.11.3.rel1.linux64_1.1.100.202309141235/tools/bin/../lib/gcc/arm-none-eabi/11.3.1/thumb/v7e-m+fp/hard/libgcc.a
LOAD /opt/st/stm32cubeide_1.14.0/plugins/com.st.stm32cube.ide.mcu.externaltools.gnu-tools-for-stm32.11.3.rel1.linux64_1.1.100.202309141235/tools/bin/../lib/gcc/arm-none-eabi/11.3.1/../../../../arm-none-eabi/lib/thumb/v7e-m+fp/hard/libc_nano.a
LOAD /opt/st/stm32cubeide_1.14.0/plugins/com.st.stm32cube.ide.mcu.externaltools.gnu-tools-for-stm32.11.3.rel1.linux64_1.1.100.202309141235/tools/bin/../lib/gcc/arm-none-eabi/11.3.1/../../../../arm-none-eabi/lib/thumb/v7e-m+fp/hard/libnosys.a
END GROUP
LOAD /opt/st/stm32cubeide_1.14.0/plugins/com.st.stm32cube.ide.mcu.externaltools.gnu-tools-for-stm32.11.3.rel1.linux64_1.1.100.202309141235/tools/bin/../lib/gcc/arm-none-eabi/11.3.1/thumb/v7e-m+fp/hard/crtend.o
LOAD /opt/st/stm32cubeide_1.14.0/plugins/com.st.stm32cube.ide.mcu.externaltools.gnu-tools-for-stm32.11.3.rel1.linux64_1.1.100.202309141235/tools/bin/../lib/gcc/arm-none-eabi/11.3.1/thumb/v7e-m+fp/hard/crtn.o
                0x0000000020010000                _estack = (ORIGIN (RAM) + LENGTH (RAM))
                0x0000000000000200                _Min_Heap_Size = 0x200
                0x0000000000000400                _Min_Stack_Size = 0x400

.isr_vector     0x0000000008000000      0x194
                0x0000000008000000                . = ALIGN (0x4)
 *(.isr_vector)
 .isr_vector    0x0000000008000000      0x194 ./Core/Startup/startup_stm32f401ccux.o
                0x0000000008000000                g_pfnVectors
                0x0000000008000194                . = ALIGN (0x4)

.text           0x00000000080001a0     0x6adc
                0x00000000080001a0                . = ALIGN (0x4)
 *(.text)
 .text          0x00000000080001a0       0x40 /opt/st/stm32cubeide_1.14.0/plugins/com.st.stm32cube.ide.mcu.externaltools.gnu-tools-for-stm32.11.3.rel1.linux64_1.1.100.202309141235/tools/bin/../lib/gcc/arm-none-eabi/11.3.1/thumb/v7e-m+fp/hard/crtbegin.o
 .text          0x00000000080001e0       0xa0 /opt/st/stm32cubeide_1.14.0/plugins/com.st.stm32cube.ide.mcu.externaltools.gnu-tools-for-stm32.11.3.rel1.linux64_1.1.100.202309141235/tools/bin/../lib/gcc/arm-none-eabi/11.3.1/../../../../arm-none-eabi/lib/thumb/v7e-m+fp/hard/libc_nano.a(libc_a-memchr.o)
                0x00000000080001e0                memchr
 .text          0x0000000008000280      0x378 /opt/st/stm32cubeide_1.14.0/plugins/com.st.stm32cube.ide.mcu.externaltools.gnu-tools-for-stm32.11.3.rel1.linux64_1.1.100.202309141235/tools/bin/../lib/gcc/arm-none-eabi/11.3.1/thumb/v7e-m+fp/hard/libgcc.a(_arm_addsubdf3.o)
                0x0000000008000280                __aeabi_drsub
                0x0000000008000288                __aeabi_dsub
                0x0000000008000288                __subdf3
                0x000000000800028c                __adddf3
                0x000000000800028c                __aeabi_dadd
                0x0000000008000504                __aeabi_ui2d
                0x0000000008000504                __floatunsidf
                0x0000000008000524                __floatsidf
                0x0000000008000524                __aeabi_i2d
                0x0000000008000548                __extendsfdf2
                0x0000000008000548                __aeabi_f2d
                0x000000000800058c                __aeabi_ul2d
                0x000000000800058c                __floatundidf
                0x000000000800059c                __floatdidf
                0x000000000800059c                __aeabi_l2d
 .text          0x00000000080005f8      0x424 /opt/st/stm32cubeide_1.14.0/plugins/com.st.stm32cube.ide.mcu.externaltools.gnu-tools-for-stm32.11.3.rel1.linux64_1.1.100.202309141235/tools/bin/../lib/gcc/arm-none-eabi/11.3.1/thumb/v7e-m+fp/hard/libgcc.a(_arm_muldivdf3.o)
                0x00000000080005f8                __aeabi_dmul
                0x00000000080005f8                __muldf3
                0x000000000800084c                __aeabi_ddiv
                0x000000000800084c                __divdf3
 .text          0x0000000008000a1c       0x50 /opt/st/stm32cubeide_1.14.0/plugins/com.st.stm32cube.ide.mcu.externaltools.gnu-tools-for-stm32.11.3.rel1.linux64_1.1.100.202309141235/tools/bin/../lib/gcc/arm-none-eabi/11.3.1/thumb/v7e-m+fp/hard/libgcc.a(_arm_fixdfsi.o)
                0x0000000008000a1c                __fixdfsi
                0x0000000008000a1c                __aeabi_d2iz
 .text          0x0000000008000a6c       0x30 /opt/st/stm32cubeide_1.14.0/plugins/com.st.stm32cube.ide.mcu.externaltools.gnu-tools-for-stm32.11.3.rel1.linux64_1.1.100.202309141235/tools/bin/../lib/gcc/arm-none-eabi/11.3.1/thumb/v7e-m+fp/hard/libgcc.a(_aeabi_uldivmod.o)
                0x0000000008000a6c                __aeabi_uldivmod
 .text          0x0000000008000a9c      0x2c8 /opt/st/stm32cubeide_1.14.0/plugins/com.st.stm32cube.ide.mcu.externaltools.gnu-tools-for-stm32.11.3.rel1.linux64_1.1.100.202309141235/tools/bin/../lib/gcc/arm-none-eabi/11.3.1/thumb/v7e-m+fp/hard/libgcc.a(_udivmoddi4.o)
                0x0000000008000a9c                __udivmoddi4
 .text          0x0000000008000d64        0x4 /opt/st/stm32cubeide_1.14.0/plugins/com.st.stm32cube.ide.mcu.externaltools.gnu-tools-for-stm32.11.3.rel1.linux64_1.1.100.202309141235/tools/bin/../lib/gcc/arm-none-eabi/11.3.1/thumb/v7e-m+fp/hard/libgcc.a(_dvmd_tls.o)
                0x0000000008000d64                __aeabi_ldiv0
                0x0000000008000d64                __aeabi_idiv0
 *(.text*)
 .text.MX_GPIO_Init
                0x0000000008000d68      0x138 ./Core/Src/gpio.o
                0x0000000008000d68                MX_GPIO_Init
 .text.MX_I2C1_Init
                0x0000000008000ea0       0x5c ./Core/Src/i2c.o
                0x0000000008000ea0                MX_I2C1_Init
 .text.MX_I2C2_Init
                0x0000000008000efc       0x5c ./Core/Src/i2c.o
                0x0000000008000efc                MX_I2C2_Init
 .text.HAL_I2C_MspInit
                0x0000000008000f58      0x118 ./Core/Src/i2c.o
                0x0000000008000f58                HAL_I2C_MspInit
 .text.ScanningI2C
                0x0000000008001070       0x54 ./Core/Src/main.o
                0x0000000008001070                ScanningI2C
 .text.init_dds
                0x00000000080010c4       0x42 ./Core/Src/main.o
                0x00000000080010c4                init_dds
 *fill*         0x0000000008001106        0x2 
 .text.display_menu
                0x0000000008001108       0x94 ./Core/Src/main.o
                0x0000000008001108                display_menu
 .text.display_submenu
                0x000000000800119c       0xd8 ./Core/Src/main.o
                0x000000000800119c                display_submenu
 .text.display_frequency
                0x0000000008001274       0x80 ./Core/Src/main.o
                0x0000000008001274                display_frequency
 .text.display_freq_esp
                0x00000000080012f4       0x7c ./Core/Src/main.o
                0x00000000080012f4                display_freq_esp
 .text.setup_clock
                0x0000000008001370       0xa0 ./Core/Src/main.o
                0x0000000008001370                setup_clock
 .text.main     0x0000000008001410      0x62c ./Core/Src/main.o
                0x0000000008001410                main
 .text.SystemClock_Config
                0x0000000008001a3c       0xd4 ./Core/Src/main.o
                0x0000000008001a3c                SystemClock_Config
 .text.HAL_TIM_PeriodElapsedCallback
                0x0000000008001b10       0x48 ./Core/Src/main.o
                0x0000000008001b10                HAL_TIM_PeriodElapsedCallback
 .text.HAL_UART_RxCpltCallback
                0x0000000008001b58       0xec ./Core/Src/main.o
                0x0000000008001b58                HAL_UART_RxCpltCallback
 .text.Error_Handler
                0x0000000008001c44        0xa ./Core/Src/main.o
                0x0000000008001c44                Error_Handler
 *fill*         0x0000000008001c4e        0x2 
 .text.si5351_Init
                0x0000000008001c50       0x70 ./Core/Src/si5351.o
                0x0000000008001c50                si5351_Init
 .text.si5351_SetupPLL
                0x0000000008001cc0       0x7e ./Core/Src/si5351.o
                0x0000000008001cc0                si5351_SetupPLL
 .text.si5351_SetupOutput
                0x0000000008001d3e      0x15a ./Core/Src/si5351.o
                0x0000000008001d3e                si5351_SetupOutput
 .text.si5351_Calc
                0x0000000008001e98      0x198 ./Core/Src/si5351.o
                0x0000000008001e98                si5351_Calc
 .text.si5351_SetupCLK0
                0x0000000008002030       0x42 ./Core/Src/si5351.o
                0x0000000008002030                si5351_SetupCLK0
 .text.si5351_SetupCLK1
                0x0000000008002072       0x42 ./Core/Src/si5351.o
                0x0000000008002072                si5351_SetupCLK1
 .text.si5351_SetupCLK2
                0x00000000080020b4       0x42 ./Core/Src/si5351.o
                0x00000000080020b4                si5351_SetupCLK2
 .text.si5351_EnableOutputs
                0x00000000080020f6       0x20 ./Core/Src/si5351.o
                0x00000000080020f6                si5351_EnableOutputs
 *fill*         0x0000000008002116        0x2 
 .text.si5351_write
                0x0000000008002118       0x50 ./Core/Src/si5351.o
                0x0000000008002118                si5351_write
 .text.si5351_writeBulk
                0x0000000008002168       0xea ./Core/Src/si5351.o
                0x0000000008002168                si5351_writeBulk
 .text.ssd1306_WriteCommand
                0x0000000008002252       0x2e ./Core/Src/ssd1306.o
 .text.ssd1306_Init
                0x0000000008002280      0x240 ./Core/Src/ssd1306.o
                0x0000000008002280                ssd1306_Init
 .text.ssd1306_Fill
                0x00000000080024c0       0x48 ./Core/Src/ssd1306.o
                0x00000000080024c0                ssd1306_Fill
 .text.ssd1306_UpdateScreen
                0x0000000008002508       0x64 ./Core/Src/ssd1306.o
                0x0000000008002508                ssd1306_UpdateScreen
 .text.ssd1306_DrawPixel
                0x000000000800256c       0xc0 ./Core/Src/ssd1306.o
                0x000000000800256c                ssd1306_DrawPixel
 .text.ssd1306_WriteChar
                0x000000000800262c      0x100 ./Core/Src/ssd1306.o
                0x000000000800262c                ssd1306_WriteChar
 .text.ssd1306_WriteString
                0x000000000800272c       0x4c ./Core/Src/ssd1306.o
                0x000000000800272c                ssd1306_WriteString
 .text.ssd1306_SetCursor
                0x0000000008002778       0x30 ./Core/Src/ssd1306.o
                0x0000000008002778                ssd1306_SetCursor
 .text.HAL_MspInit
                0x00000000080027a8       0x50 ./Core/Src/stm32f4xx_hal_msp.o
                0x00000000080027a8                HAL_MspInit
 .text.NMI_Handler
                0x00000000080027f8        0x6 ./Core/Src/stm32f4xx_it.o
                0x00000000080027f8                NMI_Handler
 .text.HardFault_Handler
                0x00000000080027fe        0x6 ./Core/Src/stm32f4xx_it.o
                0x00000000080027fe                HardFault_Handler
 .text.MemManage_Handler
                0x0000000008002804        0x6 ./Core/Src/stm32f4xx_it.o
                0x0000000008002804                MemManage_Handler
 .text.BusFault_Handler
                0x000000000800280a        0x6 ./Core/Src/stm32f4xx_it.o
                0x000000000800280a                BusFault_Handler
 .text.UsageFault_Handler
                0x0000000008002810        0x6 ./Core/Src/stm32f4xx_it.o
                0x0000000008002810                UsageFault_Handler
 .text.SVC_Handler
                0x0000000008002816        0xe ./Core/Src/stm32f4xx_it.o
                0x0000000008002816                SVC_Handler
 .text.DebugMon_Handler
                0x0000000008002824        0xe ./Core/Src/stm32f4xx_it.o
                0x0000000008002824                DebugMon_Handler
 .text.PendSV_Handler
                0x0000000008002832        0xe ./Core/Src/stm32f4xx_it.o
                0x0000000008002832                PendSV_Handler
 .text.SysTick_Handler
                0x0000000008002840        0xc ./Core/Src/stm32f4xx_it.o
                0x0000000008002840                SysTick_Handler
 .text.TIM2_IRQHandler
                0x000000000800284c       0x14 ./Core/Src/stm32f4xx_it.o
                0x000000000800284c                TIM2_IRQHandler
 .text.USART2_IRQHandler
                0x0000000008002860       0x14 ./Core/Src/stm32f4xx_it.o
                0x0000000008002860                USART2_IRQHandler
 .text._sbrk    0x0000000008002874       0x6c ./Core/Src/sysmem.o
                0x0000000008002874                _sbrk
 .text.SystemInit
                0x00000000080028e0       0x24 ./Core/Src/system_stm32f4xx.o
                0x00000000080028e0                SystemInit
 .text.MX_TIM2_Init
                0x0000000008002904       0x98 ./Core/Src/tim.o
                0x0000000008002904                MX_TIM2_Init
 .text.MX_TIM5_Init
                0x000000000800299c       0xa8 ./Core/Src/tim.o
                0x000000000800299c                MX_TIM5_Init
 .text.HAL_TIM_Base_MspInit
                0x0000000008002a44       0x4c ./Core/Src/tim.o
                0x0000000008002a44                HAL_TIM_Base_MspInit
 .text.HAL_TIM_Encoder_MspInit
                0x0000000008002a90       0x90 ./Core/Src/tim.o
                0x0000000008002a90                HAL_TIM_Encoder_MspInit
 .text.MX_USART2_UART_Init
                0x0000000008002b20       0x54 ./Core/Src/usart.o
                0x0000000008002b20                MX_USART2_UART_Init
 .text.HAL_UART_MspInit
                0x0000000008002b74       0xa0 ./Core/Src/usart.o
                0x0000000008002b74                HAL_UART_MspInit
 .text.Reset_Handler
                0x0000000008002c14       0x50 ./Core/Startup/startup_stm32f401ccux.o
                0x0000000008002c14                Reset_Handler
 .text.Default_Handler
                0x0000000008002c64        0x2 ./Core/Startup/startup_stm32f401ccux.o
                0x0000000008002c64                RTC_Alarm_IRQHandler
                0x0000000008002c64                EXTI2_IRQHandler
                0x0000000008002c64                SPI4_IRQHandler
                0x0000000008002c64                TIM1_CC_IRQHandler
                0x0000000008002c64                DMA2_Stream5_IRQHandler
                0x0000000008002c64                DMA1_Stream5_IRQHandler
                0x0000000008002c64                PVD_IRQHandler
                0x0000000008002c64                SDIO_IRQHandler
                0x0000000008002c64                TAMP_STAMP_IRQHandler
                0x0000000008002c64                EXTI3_IRQHandler
                0x0000000008002c64                TIM1_UP_TIM10_IRQHandler
                0x0000000008002c64                I2C3_ER_IRQHandler
                0x0000000008002c64                EXTI0_IRQHandler
                0x0000000008002c64                I2C2_EV_IRQHandler
                0x0000000008002c64                DMA1_Stream2_IRQHandler
                0x0000000008002c64                FPU_IRQHandler
                0x0000000008002c64                DMA2_Stream2_IRQHandler
                0x0000000008002c64                SPI1_IRQHandler
                0x0000000008002c64                TIM1_BRK_TIM9_IRQHandler
                0x0000000008002c64                DMA2_Stream3_IRQHandler
                0x0000000008002c64                USART6_IRQHandler
                0x0000000008002c64                DMA2_Stream0_IRQHandler
                0x0000000008002c64                TIM4_IRQHandler
                0x0000000008002c64                I2C1_EV_IRQHandler
                0x0000000008002c64                DMA1_Stream6_IRQHandler
                0x0000000008002c64                DMA1_Stream1_IRQHandler
                0x0000000008002c64                TIM3_IRQHandler
                0x0000000008002c64                RCC_IRQHandler
                0x0000000008002c64                Default_Handler
                0x0000000008002c64                EXTI15_10_IRQHandler
                0x0000000008002c64                ADC_IRQHandler
                0x0000000008002c64                DMA1_Stream7_IRQHandler
                0x0000000008002c64                TIM5_IRQHandler
                0x0000000008002c64                DMA2_Stream7_IRQHandler
                0x0000000008002c64                I2C3_EV_IRQHandler
                0x0000000008002c64                EXTI9_5_IRQHandler
                0x0000000008002c64                RTC_WKUP_IRQHandler
                0x0000000008002c64                SPI2_IRQHandler
                0x0000000008002c64                DMA1_Stream0_IRQHandler
                0x0000000008002c64                EXTI4_IRQHandler
                0x0000000008002c64                WWDG_IRQHandler
                0x0000000008002c64                OTG_FS_WKUP_IRQHandler
                0x0000000008002c64                TIM1_TRG_COM_TIM11_IRQHandler
                0x0000000008002c64                EXTI1_IRQHandler
                0x0000000008002c64                I2C2_ER_IRQHandler
                0x0000000008002c64                DMA2_Stream1_IRQHandler
                0x0000000008002c64                FLASH_IRQHandler
                0x0000000008002c64                DMA2_Stream4_IRQHandler
                0x0000000008002c64                USART1_IRQHandler
                0x0000000008002c64                OTG_FS_IRQHandler
                0x0000000008002c64                SPI3_IRQHandler
                0x0000000008002c64                DMA1_Stream4_IRQHandler
                0x0000000008002c64                I2C1_ER_IRQHandler
                0x0000000008002c64                DMA2_Stream6_IRQHandler
                0x0000000008002c64                DMA1_Stream3_IRQHandler
 *fill*         0x0000000008002c66        0x2 
 .text.HAL_Init
                0x0000000008002c68       0x44 ./Drivers/STM32F4xx_HAL_Driver/Src/stm32f4xx_hal.o
                0x0000000008002c68                HAL_Init
 .text.HAL_InitTick
                0x0000000008002cac       0x60 ./Drivers/STM32F4xx_HAL_Driver/Src/stm32f4xx_hal.o
                0x0000000008002cac                HAL_InitTick
 .text.HAL_IncTick
                0x0000000008002d0c       0x28 ./Drivers/STM32F4xx_HAL_Driver/Src/stm32f4xx_hal.o
                0x0000000008002d0c                HAL_IncTick
 .text.HAL_GetTick
                0x0000000008002d34       0x18 ./Drivers/STM32F4xx_HAL_Driver/Src/stm32f4xx_hal.o
                0x0000000008002d34                HAL_GetTick
 .text.HAL_Delay
                0x0000000008002d4c       0x48 ./Drivers/STM32F4xx_HAL_Driver/Src/stm32f4xx_hal.o
                0x0000000008002d4c                HAL_Delay
 .text.__NVIC_SetPriorityGrouping
                0x0000000008002d94       0x48 ./Drivers/STM32F4xx_HAL_Driver/Src/stm32f4xx_hal_cortex.o
 .text.__NVIC_GetPriorityGrouping
                0x0000000008002ddc       0x1c ./Drivers/STM32F4xx_HAL_Driver/Src/stm32f4xx_hal_cortex.o
 .text.__NVIC_EnableIRQ
                0x0000000008002df8       0x3c ./Drivers/STM32F4xx_HAL_Driver/Src/stm32f4xx_hal_cortex.o
 .text.__NVIC_SetPriority
                0x0000000008002e34       0x54 ./Drivers/STM32F4xx_HAL_Driver/Src/stm32f4xx_hal_cortex.o
 .text.NVIC_EncodePriority
                0x0000000008002e88       0x66 ./Drivers/STM32F4xx_HAL_Driver/Src/stm32f4xx_hal_cortex.o
 *fill*         0x0000000008002eee        0x2 
 .text.SysTick_Config
                0x0000000008002ef0       0x44 ./Drivers/STM32F4xx_HAL_Driver/Src/stm32f4xx_hal_cortex.o
 .text.HAL_NVIC_SetPriorityGrouping
                0x0000000008002f34       0x16 ./Drivers/STM32F4xx_HAL_Driver/Src/stm32f4xx_hal_cortex.o
                0x0000000008002f34                HAL_NVIC_SetPriorityGrouping
 .text.HAL_NVIC_SetPriority
                0x0000000008002f4a       0x38 ./Drivers/STM32F4xx_HAL_Driver/Src/stm32f4xx_hal_cortex.o
                0x0000000008002f4a                HAL_NVIC_SetPriority
 .text.HAL_NVIC_EnableIRQ
                0x0000000008002f82       0x1c ./Drivers/STM32F4xx_HAL_Driver/Src/stm32f4xx_hal_cortex.o
                0x0000000008002f82                HAL_NVIC_EnableIRQ
 .text.HAL_SYSTICK_Config
                0x0000000008002f9e       0x18 ./Drivers/STM32F4xx_HAL_Driver/Src/stm32f4xx_hal_cortex.o
                0x0000000008002f9e                HAL_SYSTICK_Config
 .text.HAL_DMA_Abort
                0x0000000008002fb6       0xe0 ./Drivers/STM32F4xx_HAL_Driver/Src/stm32f4xx_hal_dma.o
                0x0000000008002fb6                HAL_DMA_Abort
 .text.HAL_DMA_Abort_IT
                0x0000000008003096       0x44 ./Drivers/STM32F4xx_HAL_Driver/Src/stm32f4xx_hal_dma.o
                0x0000000008003096                HAL_DMA_Abort_IT
 *fill*         0x00000000080030da        0x2 
 .text.HAL_GPIO_Init
                0x00000000080030dc      0x308 ./Drivers/STM32F4xx_HAL_Driver/Src/stm32f4xx_hal_gpio.o
                0x00000000080030dc                HAL_GPIO_Init
 .text.HAL_GPIO_ReadPin
                0x00000000080033e4       0x30 ./Drivers/STM32F4xx_HAL_Driver/Src/stm32f4xx_hal_gpio.o
                0x00000000080033e4                HAL_GPIO_ReadPin
 .text.HAL_GPIO_WritePin
                0x0000000008003414       0x32 ./Drivers/STM32F4xx_HAL_Driver/Src/stm32f4xx_hal_gpio.o
                0x0000000008003414                HAL_GPIO_WritePin
 .text.HAL_GPIO_TogglePin
                0x0000000008003446       0x34 ./Drivers/STM32F4xx_HAL_Driver/Src/stm32f4xx_hal_gpio.o
                0x0000000008003446                HAL_GPIO_TogglePin
 *fill*         0x000000000800347a        0x2 
 .text.HAL_I2C_Init
                0x000000000800347c      0x288 ./Drivers/STM32F4xx_HAL_Driver/Src/stm32f4xx_hal_i2c.o
                0x000000000800347c                HAL_I2C_Init
 .text.HAL_I2C_Mem_Write
                0x0000000008003704      0x1f4 ./Drivers/STM32F4xx_HAL_Driver/Src/stm32f4xx_hal_i2c.o
                0x0000000008003704                HAL_I2C_Mem_Write
 .text.HAL_I2C_IsDeviceReady
                0x00000000080038f8      0x25c ./Drivers/STM32F4xx_HAL_Driver/Src/stm32f4xx_hal_i2c.o
                0x00000000080038f8                HAL_I2C_IsDeviceReady
 .text.I2C_RequestMemoryWrite
                0x0000000008003b54      0x12c ./Drivers/STM32F4xx_HAL_Driver/Src/stm32f4xx_hal_i2c.o
 .text.I2C_WaitOnFlagUntilTimeout
                0x0000000008003c80       0xf4 ./Drivers/STM32F4xx_HAL_Driver/Src/stm32f4xx_hal_i2c.o
 .text.I2C_WaitOnMasterAddressFlagUntilTimeout
                0x0000000008003d74      0x140 ./Drivers/STM32F4xx_HAL_Driver/Src/stm32f4xx_hal_i2c.o
 .text.I2C_WaitOnTXEFlagUntilTimeout
                0x0000000008003eb4       0x90 ./Drivers/STM32F4xx_HAL_Driver/Src/stm32f4xx_hal_i2c.o
 .text.I2C_WaitOnBTFFlagUntilTimeout
                0x0000000008003f44       0x90 ./Drivers/STM32F4xx_HAL_Driver/Src/stm32f4xx_hal_i2c.o
 .text.I2C_IsAcknowledgeFailed
                0x0000000008003fd4       0x5e ./Drivers/STM32F4xx_HAL_Driver/Src/stm32f4xx_hal_i2c.o
 *fill*         0x0000000008004032        0x2 
 .text.HAL_RCC_OscConfig
                0x0000000008004034      0x4f0 ./Drivers/STM32F4xx_HAL_Driver/Src/stm32f4xx_hal_rcc.o
                0x0000000008004034                HAL_RCC_OscConfig
 .text.HAL_RCC_ClockConfig
                0x0000000008004524      0x1cc ./Drivers/STM32F4xx_HAL_Driver/Src/stm32f4xx_hal_rcc.o
                0x0000000008004524                HAL_RCC_ClockConfig
 .text.HAL_RCC_GetSysClockFreq
                0x00000000080046f0      0x18c ./Drivers/STM32F4xx_HAL_Driver/Src/stm32f4xx_hal_rcc.o
                0x00000000080046f0                HAL_RCC_GetSysClockFreq
 .text.HAL_RCC_GetHCLKFreq
                0x000000000800487c       0x18 ./Drivers/STM32F4xx_HAL_Driver/Src/stm32f4xx_hal_rcc.o
                0x000000000800487c                HAL_RCC_GetHCLKFreq
 .text.HAL_RCC_GetPCLK1Freq
                0x0000000008004894       0x28 ./Drivers/STM32F4xx_HAL_Driver/Src/stm32f4xx_hal_rcc.o
                0x0000000008004894                HAL_RCC_GetPCLK1Freq
 .text.HAL_RCC_GetPCLK2Freq
                0x00000000080048bc       0x28 ./Drivers/STM32F4xx_HAL_Driver/Src/stm32f4xx_hal_rcc.o
                0x00000000080048bc                HAL_RCC_GetPCLK2Freq
 .text.HAL_TIM_Base_Init
                0x00000000080048e4       0x9e ./Drivers/STM32F4xx_HAL_Driver/Src/stm32f4xx_hal_tim.o
                0x00000000080048e4                HAL_TIM_Base_Init
 *fill*         0x0000000008004982        0x2 
 .text.HAL_TIM_Base_Start_IT
                0x0000000008004984       0xc4 ./Drivers/STM32F4xx_HAL_Driver/Src/stm32f4xx_hal_tim.o
                0x0000000008004984                HAL_TIM_Base_Start_IT
 .text.HAL_TIM_Encoder_Init
                0x0000000008004a48      0x14c ./Drivers/STM32F4xx_HAL_Driver/Src/stm32f4xx_hal_tim.o
                0x0000000008004a48                HAL_TIM_Encoder_Init
 .text.HAL_TIM_Encoder_Start
                0x0000000008004b94      0x11c ./Drivers/STM32F4xx_HAL_Driver/Src/stm32f4xx_hal_tim.o
                0x0000000008004b94                HAL_TIM_Encoder_Start
 .text.HAL_TIM_IRQHandler
                0x0000000008004cb0      0x1e0 ./Drivers/STM32F4xx_HAL_Driver/Src/stm32f4xx_hal_tim.o
                0x0000000008004cb0                HAL_TIM_IRQHandler
 .text.HAL_TIM_ConfigClockSource
                0x0000000008004e90      0x18e ./Drivers/STM32F4xx_HAL_Driver/Src/stm32f4xx_hal_tim.o
                0x0000000008004e90                HAL_TIM_ConfigClockSource
 .text.HAL_TIM_OC_DelayElapsedCallback
                0x000000000800501e       0x14 ./Drivers/STM32F4xx_HAL_Driver/Src/stm32f4xx_hal_tim.o
                0x000000000800501e                HAL_TIM_OC_DelayElapsedCallback
 .text.HAL_TIM_IC_CaptureCallback
                0x0000000008005032       0x14 ./Drivers/STM32F4xx_HAL_Driver/Src/stm32f4xx_hal_tim.o
                0x0000000008005032                HAL_TIM_IC_CaptureCallback
 .text.HAL_TIM_PWM_PulseFinishedCallback
                0x0000000008005046       0x14 ./Drivers/STM32F4xx_HAL_Driver/Src/stm32f4xx_hal_tim.o
                0x0000000008005046                HAL_TIM_PWM_PulseFinishedCallback
 .text.HAL_TIM_TriggerCallback
                0x000000000800505a       0x14 ./Drivers/STM32F4xx_HAL_Driver/Src/stm32f4xx_hal_tim.o
                0x000000000800505a                HAL_TIM_TriggerCallback
 *fill*         0x000000000800506e        0x2 
 .text.TIM_Base_SetConfig
                0x0000000008005070      0x118 ./Drivers/STM32F4xx_HAL_Driver/Src/stm32f4xx_hal_tim.o
                0x0000000008005070                TIM_Base_SetConfig
 .text.TIM_TI1_ConfigInputStage
                0x0000000008005188       0x5e ./Drivers/STM32F4xx_HAL_Driver/Src/stm32f4xx_hal_tim.o
 .text.TIM_TI2_ConfigInputStage
                0x00000000080051e6       0x60 ./Drivers/STM32F4xx_HAL_Driver/Src/stm32f4xx_hal_tim.o
 .text.TIM_ITRx_SetConfig
                0x0000000008005246       0x36 ./Drivers/STM32F4xx_HAL_Driver/Src/stm32f4xx_hal_tim.o
 .text.TIM_ETR_SetConfig
                0x000000000800527c       0x40 ./Drivers/STM32F4xx_HAL_Driver/Src/stm32f4xx_hal_tim.o
                0x000000000800527c                TIM_ETR_SetConfig
 .text.TIM_CCxChannelCmd
                0x00000000080052bc       0x4a ./Drivers/STM32F4xx_HAL_Driver/Src/stm32f4xx_hal_tim.o
                0x00000000080052bc                TIM_CCxChannelCmd
 *fill*         0x0000000008005306        0x2 
 .text.HAL_TIMEx_MasterConfigSynchronization
                0x0000000008005308       0xdc ./Drivers/STM32F4xx_HAL_Driver/Src/stm32f4xx_hal_tim_ex.o
                0x0000000008005308                HAL_TIMEx_MasterConfigSynchronization
 .text.HAL_TIMEx_CommutCallback
                0x00000000080053e4       0x14 ./Drivers/STM32F4xx_HAL_Driver/Src/stm32f4xx_hal_tim_ex.o
                0x00000000080053e4                HAL_TIMEx_CommutCallback
 .text.HAL_TIMEx_BreakCallback
                0x00000000080053f8       0x14 ./Drivers/STM32F4xx_HAL_Driver/Src/stm32f4xx_hal_tim_ex.o
                0x00000000080053f8                HAL_TIMEx_BreakCallback
 .text.HAL_UART_Init
                0x000000000800540c       0xa0 ./Drivers/STM32F4xx_HAL_Driver/Src/stm32f4xx_hal_uart.o
                0x000000000800540c                HAL_UART_Init
 .text.HAL_UART_Receive_IT
                0x00000000080054ac       0x4a ./Drivers/STM32F4xx_HAL_Driver/Src/stm32f4xx_hal_uart.o
                0x00000000080054ac                HAL_UART_Receive_IT
 *fill*         0x00000000080054f6        0x2 
 .text.HAL_UART_IRQHandler
                0x00000000080054f8      0x524 ./Drivers/STM32F4xx_HAL_Driver/Src/stm32f4xx_hal_uart.o
                0x00000000080054f8                HAL_UART_IRQHandler
 .text.HAL_UART_TxCpltCallback
                0x0000000008005a1c       0x14 ./Drivers/STM32F4xx_HAL_Driver/Src/stm32f4xx_hal_uart.o
                0x0000000008005a1c                HAL_UART_TxCpltCallback
 .text.HAL_UART_ErrorCallback
                0x0000000008005a30       0x14 ./Drivers/STM32F4xx_HAL_Driver/Src/stm32f4xx_hal_uart.o
                0x0000000008005a30                HAL_UART_ErrorCallback
 .text.HAL_UARTEx_RxEventCallback
                0x0000000008005a44       0x18 ./Drivers/STM32F4xx_HAL_Driver/Src/stm32f4xx_hal_uart.o
                0x0000000008005a44                HAL_UARTEx_RxEventCallback
 .text.UART_Start_Receive_IT
                0x0000000008005a5c       0x74 ./Drivers/STM32F4xx_HAL_Driver/Src/stm32f4xx_hal_uart.o
                0x0000000008005a5c                UART_Start_Receive_IT
 .text.UART_EndRxTransfer
                0x0000000008005ad0       0xc6 ./Drivers/STM32F4xx_HAL_Driver/Src/stm32f4xx_hal_uart.o
 .text.UART_DMAAbortOnError
                0x0000000008005b96       0x28 ./Drivers/STM32F4xx_HAL_Driver/Src/stm32f4xx_hal_uart.o
 .text.UART_Transmit_IT
                0x0000000008005bbe       0xa0 ./Drivers/STM32F4xx_HAL_Driver/Src/stm32f4xx_hal_uart.o
 .text.UART_EndTransmit_IT
                0x0000000008005c5e       0x30 ./Drivers/STM32F4xx_HAL_Driver/Src/stm32f4xx_hal_uart.o
 .text.UART_Receive_IT
                0x0000000008005c8e      0x17c ./Drivers/STM32F4xx_HAL_Driver/Src/stm32f4xx_hal_uart.o
 *fill*         0x0000000008005e0a        0x2 
 .text.UART_SetConfig
                0x0000000008005e0c      0x4e8 ./Drivers/STM32F4xx_HAL_Driver/Src/stm32f4xx_hal_uart.o
 .text.snprintf
                0x00000000080062f4       0x68 /opt/st/stm32cubeide_1.14.0/plugins/com.st.stm32cube.ide.mcu.externaltools.gnu-tools-for-stm32.11.3.rel1.linux64_1.1.100.202309141235/tools/bin/../lib/gcc/arm-none-eabi/11.3.1/../../../../arm-none-eabi/lib/thumb/v7e-m+fp/hard/libc_nano.a(libc_a-snprintf.o)
                0x00000000080062f4                snprintf
                0x00000000080062f4                sniprintf
 .text.memset   0x000000000800635c       0x10 /opt/st/stm32cubeide_1.14.0/plugins/com.st.stm32cube.ide.mcu.externaltools.gnu-tools-for-stm32.11.3.rel1.linux64_1.1.100.202309141235/tools/bin/../lib/gcc/arm-none-eabi/11.3.1/../../../../arm-none-eabi/lib/thumb/v7e-m+fp/hard/libc_nano.a(libc_a-memset.o)
                0x000000000800635c                memset
 .text.__errno  0x000000000800636c        0xc /opt/st/stm32cubeide_1.14.0/plugins/com.st.stm32cube.ide.mcu.externaltools.gnu-tools-for-stm32.11.3.rel1.linux64_1.1.100.202309141235/tools/bin/../lib/gcc/arm-none-eabi/11.3.1/../../../../arm-none-eabi/lib/thumb/v7e-m+fp/hard/libc_nano.a(libc_a-errno.o)
                0x000000000800636c                __errno
 .text.__libc_init_array
                0x0000000008006378       0x48 /opt/st/stm32cubeide_1.14.0/plugins/com.st.stm32cube.ide.mcu.externaltools.gnu-tools-for-stm32.11.3.rel1.linux64_1.1.100.202309141235/tools/bin/../lib/gcc/arm-none-eabi/11.3.1/../../../../arm-none-eabi/lib/thumb/v7e-m+fp/hard/libc_nano.a(libc_a-init.o)
                0x0000000008006378                __libc_init_array
 .text.__retarget_lock_acquire_recursive
                0x00000000080063c0        0x2 /opt/st/stm32cubeide_1.14.0/plugins/com.st.stm32cube.ide.mcu.externaltools.gnu-tools-for-stm32.11.3.rel1.linux64_1.1.100.202309141235/tools/bin/../lib/gcc/arm-none-eabi/11.3.1/../../../../arm-none-eabi/lib/thumb/v7e-m+fp/hard/libc_nano.a(libc_a-lock.o)
                0x00000000080063c0                __retarget_lock_acquire_recursive
 .text.__retarget_lock_release_recursive
                0x00000000080063c2        0x2 /opt/st/stm32cubeide_1.14.0/plugins/com.st.stm32cube.ide.mcu.externaltools.gnu-tools-for-stm32.11.3.rel1.linux64_1.1.100.202309141235/tools/bin/../lib/gcc/arm-none-eabi/11.3.1/../../../../arm-none-eabi/lib/thumb/v7e-m+fp/hard/libc_nano.a(libc_a-lock.o)
                0x00000000080063c2                __retarget_lock_release_recursive
 .text._free_r  0x00000000080063c4       0x98 /opt/st/stm32cubeide_1.14.0/plugins/com.st.stm32cube.ide.mcu.externaltools.gnu-tools-for-stm32.11.3.rel1.linux64_1.1.100.202309141235/tools/bin/../lib/gcc/arm-none-eabi/11.3.1/../../../../arm-none-eabi/lib/thumb/v7e-m+fp/hard/libc_nano.a(libc_a-freer.o)
                0x00000000080063c4                _free_r
 .text.sbrk_aligned
                0x000000000800645c       0x40 /opt/st/stm32cubeide_1.14.0/plugins/com.st.stm32cube.ide.mcu.externaltools.gnu-tools-for-stm32.11.3.rel1.linux64_1.1.100.202309141235/tools/bin/../lib/gcc/arm-none-eabi/11.3.1/../../../../arm-none-eabi/lib/thumb/v7e-m+fp/hard/libc_nano.a(libc_a-mallocr.o)
 .text._malloc_r
                0x000000000800649c      0x100 /opt/st/stm32cubeide_1.14.0/plugins/com.st.stm32cube.ide.mcu.externaltools.gnu-tools-for-stm32.11.3.rel1.linux64_1.1.100.202309141235/tools/bin/../lib/gcc/arm-none-eabi/11.3.1/../../../../arm-none-eabi/lib/thumb/v7e-m+fp/hard/libc_nano.a(libc_a-mallocr.o)
                0x000000000800649c                _malloc_r
 .text.__malloc_lock
                0x000000000800659c        0xc /opt/st/stm32cubeide_1.14.0/plugins/com.st.stm32cube.ide.mcu.externaltools.gnu-tools-for-stm32.11.3.rel1.linux64_1.1.100.202309141235/tools/bin/../lib/gcc/arm-none-eabi/11.3.1/../../../../arm-none-eabi/lib/thumb/v7e-m+fp/hard/libc_nano.a(libc_a-mlock.o)
                0x000000000800659c                __malloc_lock
 .text.__malloc_unlock
                0x00000000080065a8        0xc /opt/st/stm32cubeide_1.14.0/plugins/com.st.stm32cube.ide.mcu.externaltools.gnu-tools-for-stm32.11.3.rel1.linux64_1.1.100.202309141235/tools/bin/../lib/gcc/arm-none-eabi/11.3.1/../../../../arm-none-eabi/lib/thumb/v7e-m+fp/hard/libc_nano.a(libc_a-mlock.o)
                0x00000000080065a8                __malloc_unlock
 .text.__ssputs_r
                0x00000000080065b4       0xb4 /opt/st/stm32cubeide_1.14.0/plugins/com.st.stm32cube.ide.mcu.externaltools.gnu-tools-for-stm32.11.3.rel1.linux64_1.1.100.202309141235/tools/bin/../lib/gcc/arm-none-eabi/11.3.1/../../../../arm-none-eabi/lib/thumb/v7e-m+fp/hard/libc_nano.a(libc_a-nano-svfprintf.o)
                0x00000000080065b4                __ssputs_r
 .text._svfprintf_r
                0x0000000008006668      0x1fc /opt/st/stm32cubeide_1.14.0/plugins/com.st.stm32cube.ide.mcu.externaltools.gnu-tools-for-stm32.11.3.rel1.linux64_1.1.100.202309141235/tools/bin/../lib/gcc/arm-none-eabi/11.3.1/../../../../arm-none-eabi/lib/thumb/v7e-m+fp/hard/libc_nano.a(libc_a-nano-svfprintf.o)
                0x0000000008006668                _svfprintf_r
                0x0000000008006668                _svfiprintf_r
 .text._printf_common
                0x0000000008006864       0xda /opt/st/stm32cubeide_1.14.0/plugins/com.st.stm32cube.ide.mcu.externaltools.gnu-tools-for-stm32.11.3.rel1.linux64_1.1.100.202309141235/tools/bin/../lib/gcc/arm-none-eabi/11.3.1/../../../../arm-none-eabi/lib/thumb/v7e-m+fp/hard/libc_nano.a(libc_a-nano-vfprintf_i.o)
                0x0000000008006864                _printf_common
 *fill*         0x000000000800693e        0x2 
 .text._printf_i
                0x0000000008006940      0x244 /opt/st/stm32cubeide_1.14.0/plugins/com.st.stm32cube.ide.mcu.externaltools.gnu-tools-for-stm32.11.3.rel1.linux64_1.1.100.202309141235/tools/bin/../lib/gcc/arm-none-eabi/11.3.1/../../../../arm-none-eabi/lib/thumb/v7e-m+fp/hard/libc_nano.a(libc_a-nano-vfprintf_i.o)
                0x0000000008006940                _printf_i
 .text.memmove  0x0000000008006b84       0x34 /opt/st/stm32cubeide_1.14.0/plugins/com.st.stm32cube.ide.mcu.externaltools.gnu-tools-for-stm32.11.3.rel1.linux64_1.1.100.202309141235/tools/bin/../lib/gcc/arm-none-eabi/11.3.1/../../../../arm-none-eabi/lib/thumb/v7e-m+fp/hard/libc_nano.a(libc_a-memmove.o)
                0x0000000008006b84                memmove
 .text._sbrk_r  0x0000000008006bb8       0x20 /opt/st/stm32cubeide_1.14.0/plugins/com.st.stm32cube.ide.mcu.externaltools.gnu-tools-for-stm32.11.3.rel1.linux64_1.1.100.202309141235/tools/bin/../lib/gcc/arm-none-eabi/11.3.1/../../../../arm-none-eabi/lib/thumb/v7e-m+fp/hard/libc_nano.a(libc_a-sbrkr.o)
                0x0000000008006bb8                _sbrk_r
 .text.memcpy   0x0000000008006bd8       0x1c /opt/st/stm32cubeide_1.14.0/plugins/com.st.stm32cube.ide.mcu.externaltools.gnu-tools-for-stm32.11.3.rel1.linux64_1.1.100.202309141235/tools/bin/../lib/gcc/arm-none-eabi/11.3.1/../../../../arm-none-eabi/lib/thumb/v7e-m+fp/hard/libc_nano.a(libc_a-memcpy-stub.o)
                0x0000000008006bd8                memcpy
 .text._realloc_r
                0x0000000008006bf4       0x5e /opt/st/stm32cubeide_1.14.0/plugins/com.st.stm32cube.ide.mcu.externaltools.gnu-tools-for-stm32.11.3.rel1.linux64_1.1.100.202309141235/tools/bin/../lib/gcc/arm-none-eabi/11.3.1/../../../../arm-none-eabi/lib/thumb/v7e-m+fp/hard/libc_nano.a(libc_a-reallocr.o)
                0x0000000008006bf4                _realloc_r
 .text._malloc_usable_size_r
                0x0000000008006c52       0x10 /opt/st/stm32cubeide_1.14.0/plugins/com.st.stm32cube.ide.mcu.externaltools.gnu-tools-for-stm32.11.3.rel1.linux64_1.1.100.202309141235/tools/bin/../lib/gcc/arm-none-eabi/11.3.1/../../../../arm-none-eabi/lib/thumb/v7e-m+fp/hard/libc_nano.a(libc_a-msizer.o)
                0x0000000008006c52                _malloc_usable_size_r
 *(.glue_7)
 .glue_7        0x0000000008006c62        0x0 linker stubs
 *(.glue_7t)
 .glue_7t       0x0000000008006c62        0x0 linker stubs
 *(.eh_frame)
 *fill*         0x0000000008006c62        0x2 
 .eh_frame      0x0000000008006c64        0x0 /opt/st/stm32cubeide_1.14.0/plugins/com.st.stm32cube.ide.mcu.externaltools.gnu-tools-for-stm32.11.3.rel1.linux64_1.1.100.202309141235/tools/bin/../lib/gcc/arm-none-eabi/11.3.1/thumb/v7e-m+fp/hard/crtbegin.o
 *(.init)
 .init          0x0000000008006c64        0x4 /opt/st/stm32cubeide_1.14.0/plugins/com.st.stm32cube.ide.mcu.externaltools.gnu-tools-for-stm32.11.3.rel1.linux64_1.1.100.202309141235/tools/bin/../lib/gcc/arm-none-eabi/11.3.1/thumb/v7e-m+fp/hard/crti.o
                0x0000000008006c64                _init
 .init          0x0000000008006c68        0x8 /opt/st/stm32cubeide_1.14.0/plugins/com.st.stm32cube.ide.mcu.externaltools.gnu-tools-for-stm32.11.3.rel1.linux64_1.1.100.202309141235/tools/bin/../lib/gcc/arm-none-eabi/11.3.1/thumb/v7e-m+fp/hard/crtn.o
 *(.fini)
 .fini          0x0000000008006c70        0x4 /opt/st/stm32cubeide_1.14.0/plugins/com.st.stm32cube.ide.mcu.externaltools.gnu-tools-for-stm32.11.3.rel1.linux64_1.1.100.202309141235/tools/bin/../lib/gcc/arm-none-eabi/11.3.1/thumb/v7e-m+fp/hard/crti.o
                0x0000000008006c70                _fini
 .fini          0x0000000008006c74        0x8 /opt/st/stm32cubeide_1.14.0/plugins/com.st.stm32cube.ide.mcu.externaltools.gnu-tools-for-stm32.11.3.rel1.linux64_1.1.100.202309141235/tools/bin/../lib/gcc/arm-none-eabi/11.3.1/thumb/v7e-m+fp/hard/crtn.o
                0x0000000008006c7c                . = ALIGN (0x4)
                0x0000000008006c7c                _etext = .

.vfp11_veneer   0x0000000008006c7c        0x0
 .vfp11_veneer  0x0000000008006c7c        0x0 linker stubs

.v4_bx          0x0000000008006c7c        0x0
 .v4_bx         0x0000000008006c7c        0x0 linker stubs

.iplt           0x0000000008006c7c        0x0
 .iplt          0x0000000008006c7c        0x0 /opt/st/stm32cubeide_1.14.0/plugins/com.st.stm32cube.ide.mcu.externaltools.gnu-tools-for-stm32.11.3.rel1.linux64_1.1.100.202309141235/tools/bin/../lib/gcc/arm-none-eabi/11.3.1/thumb/v7e-m+fp/hard/crtbegin.o

.rodata         0x0000000008006c7c     0x1c2c
                0x0000000008006c7c                . = ALIGN (0x4)
 *(.rodata)
 .rodata        0x0000000008006c7c      0x125 ./Core/Src/main.o
 *(.rodata*)
 *fill*         0x0000000008006da1        0x3 
 .rodata.Font7x10
                0x0000000008006da4      0x76c ./Core/Src/fonts.o
 .rodata.Font16x26
                0x0000000008007510     0x134c ./Core/Src/fonts.o
 .rodata.AHBPrescTable
                0x000000000800885c       0x10 ./Core/Src/system_stm32f4xx.o
                0x000000000800885c                AHBPrescTable
 .rodata.APBPrescTable
                0x000000000800886c        0x8 ./Core/Src/system_stm32f4xx.o
                0x000000000800886c                APBPrescTable
 .rodata._svfprintf_r.str1.1
                0x0000000008008874       0x11 /opt/st/stm32cubeide_1.14.0/plugins/com.st.stm32cube.ide.mcu.externaltools.gnu-tools-for-stm32.11.3.rel1.linux64_1.1.100.202309141235/tools/bin/../lib/gcc/arm-none-eabi/11.3.1/../../../../arm-none-eabi/lib/thumb/v7e-m+fp/hard/libc_nano.a(libc_a-nano-svfprintf.o)
 .rodata._printf_i.str1.1
                0x0000000008008885       0x22 /opt/st/stm32cubeide_1.14.0/plugins/com.st.stm32cube.ide.mcu.externaltools.gnu-tools-for-stm32.11.3.rel1.linux64_1.1.100.202309141235/tools/bin/../lib/gcc/arm-none-eabi/11.3.1/../../../../arm-none-eabi/lib/thumb/v7e-m+fp/hard/libc_nano.a(libc_a-nano-vfprintf_i.o)
                0x00000000080088a8                . = ALIGN (0x4)
 *fill*         0x00000000080088a7        0x1 

.ARM.extab      0x00000000080088a8        0x0
                0x00000000080088a8                . = ALIGN (0x4)
 *(.ARM.extab* .gnu.linkonce.armextab.*)
                0x00000000080088a8                . = ALIGN (0x4)

.ARM            0x00000000080088a8        0x8
                0x00000000080088a8                . = ALIGN (0x4)
                0x00000000080088a8                __exidx_start = .
 *(.ARM.exidx*)
 .ARM.exidx     0x00000000080088a8        0x8 /opt/st/stm32cubeide_1.14.0/plugins/com.st.stm32cube.ide.mcu.externaltools.gnu-tools-for-stm32.11.3.rel1.linux64_1.1.100.202309141235/tools/bin/../lib/gcc/arm-none-eabi/11.3.1/thumb/v7e-m+fp/hard/libgcc.a(_udivmoddi4.o)
                0x00000000080088b0                __exidx_end = .
                0x00000000080088b0                . = ALIGN (0x4)

.rel.dyn        0x00000000080088b0        0x0
 .rel.iplt      0x00000000080088b0        0x0 /opt/st/stm32cubeide_1.14.0/plugins/com.st.stm32cube.ide.mcu.externaltools.gnu-tools-for-stm32.11.3.rel1.linux64_1.1.100.202309141235/tools/bin/../lib/gcc/arm-none-eabi/11.3.1/thumb/v7e-m+fp/hard/crtbegin.o

.preinit_array  0x00000000080088b0        0x0
                0x00000000080088b0                . = ALIGN (0x4)
                0x00000000080088b0                PROVIDE (__preinit_array_start = .)
 *(.preinit_array*)
                0x00000000080088b0                PROVIDE (__preinit_array_end = .)
                0x00000000080088b0                . = ALIGN (0x4)

.init_array     0x00000000080088b0        0x4
                0x00000000080088b0                . = ALIGN (0x4)
                0x00000000080088b0                PROVIDE (__init_array_start = .)
 *(SORT_BY_NAME(.init_array.*))
 *(.init_array*)
 .init_array    0x00000000080088b0        0x4 /opt/st/stm32cubeide_1.14.0/plugins/com.st.stm32cube.ide.mcu.externaltools.gnu-tools-for-stm32.11.3.rel1.linux64_1.1.100.202309141235/tools/bin/../lib/gcc/arm-none-eabi/11.3.1/thumb/v7e-m+fp/hard/crtbegin.o
                0x00000000080088b4                PROVIDE (__init_array_end = .)
                0x00000000080088b4                . = ALIGN (0x4)

.fini_array     0x00000000080088b4        0x4
                0x00000000080088b4                . = ALIGN (0x4)
                [!provide]                        PROVIDE (__fini_array_start = .)
 *(SORT_BY_NAME(.fini_array.*))
 *(.fini_array*)
 .fini_array    0x00000000080088b4        0x4 /opt/st/stm32cubeide_1.14.0/plugins/com.st.stm32cube.ide.mcu.externaltools.gnu-tools-for-stm32.11.3.rel1.linux64_1.1.100.202309141235/tools/bin/../lib/gcc/arm-none-eabi/11.3.1/thumb/v7e-m+fp/hard/crtbegin.o
                [!provide]                        PROVIDE (__fini_array_end = .)
                0x00000000080088b8                . = ALIGN (0x4)
                0x00000000080088b8                _sidata = LOADADDR (.data)

.data           0x0000000020000000       0xa0 load address 0x00000000080088b8
                0x0000000020000000                . = ALIGN (0x4)
                0x0000000020000000                _sdata = .
 *(.data)
 *(.data*)
 .data.Font_7x10
                0x0000000020000000        0x8 ./Core/Src/fonts.o
                0x0000000020000000                Font_7x10
 .data.Font_16x26
                0x0000000020000008        0x8 ./Core/Src/fonts.o
                0x0000000020000008                Font_16x26
 .data.menu_active
                0x0000000020000010        0x1 ./Core/Src/main.o
                0x0000000020000010                menu_active
 *fill*         0x0000000020000011        0x3 
 .data.menu_items
                0x0000000020000014        0xc ./Core/Src/main.o
                0x0000000020000014                menu_items
 .data.submenu_disable_items
                0x0000000020000020        0x4 ./Core/Src/main.o
                0x0000000020000020                submenu_disable_items
 .data.submenu_enc_items
                0x0000000020000024       0x10 ./Core/Src/main.o
                0x0000000020000024                submenu_enc_items
 .data.submenu_iot_items
                0x0000000020000034        0x4 ./Core/Src/main.o
                0x0000000020000034                submenu_iot_items
 .data.units    0x0000000020000038        0xc ./Core/Src/main.o
                0x0000000020000038                units
 .data.SystemCoreClock
                0x0000000020000044        0x4 ./Core/Src/system_stm32f4xx.o
                0x0000000020000044                SystemCoreClock
 .data.uwTickPrio
                0x0000000020000048        0x4 ./Drivers/STM32F4xx_HAL_Driver/Src/stm32f4xx_hal.o
                0x0000000020000048                uwTickPrio
 .data.uwTickFreq
                0x000000002000004c        0x1 ./Drivers/STM32F4xx_HAL_Driver/Src/stm32f4xx_hal.o
                0x000000002000004c                uwTickFreq
 *fill*         0x000000002000004d        0x3 
 .data._impure_data
                0x0000000020000050       0x4c /opt/st/stm32cubeide_1.14.0/plugins/com.st.stm32cube.ide.mcu.externaltools.gnu-tools-for-stm32.11.3.rel1.linux64_1.1.100.202309141235/tools/bin/../lib/gcc/arm-none-eabi/11.3.1/../../../../arm-none-eabi/lib/thumb/v7e-m+fp/hard/libc_nano.a(libc_a-impure.o)
                0x0000000020000050                _impure_data
 .data._impure_ptr
                0x000000002000009c        0x4 /opt/st/stm32cubeide_1.14.0/plugins/com.st.stm32cube.ide.mcu.externaltools.gnu-tools-for-stm32.11.3.rel1.linux64_1.1.100.202309141235/tools/bin/../lib/gcc/arm-none-eabi/11.3.1/../../../../arm-none-eabi/lib/thumb/v7e-m+fp/hard/libc_nano.a(libc_a-impure.o)
                0x000000002000009c                _impure_ptr
 *(.RamFunc)
 *(.RamFunc*)
                0x00000000200000a0                . = ALIGN (0x4)
                0x00000000200000a0                _edata = .

.igot.plt       0x00000000200000a0        0x0 load address 0x0000000008008958
 .igot.plt      0x00000000200000a0        0x0 /opt/st/stm32cubeide_1.14.0/plugins/com.st.stm32cube.ide.mcu.externaltools.gnu-tools-for-stm32.11.3.rel1.linux64_1.1.100.202309141235/tools/bin/../lib/gcc/arm-none-eabi/11.3.1/thumb/v7e-m+fp/hard/crtbegin.o
                0x00000000200000a0                . = ALIGN (0x4)

.bss            0x00000000200000a0      0x748 load address 0x0000000008008958
                0x00000000200000a0                _sbss = .
                0x00000000200000a0                __bss_start__ = _sbss
 *(.bss)
 .bss           0x00000000200000a0       0x1c /opt/st/stm32cubeide_1.14.0/plugins/com.st.stm32cube.ide.mcu.externaltools.gnu-tools-for-stm32.11.3.rel1.linux64_1.1.100.202309141235/tools/bin/../lib/gcc/arm-none-eabi/11.3.1/thumb/v7e-m+fp/hard/crtbegin.o
 *(.bss*)
 .bss.hi2c1     0x00000000200000bc       0x54 ./Core/Src/i2c.o
                0x00000000200000bc                hi2c1
 .bss.hi2c2     0x0000000020000110       0x54 ./Core/Src/i2c.o
                0x0000000020000110                hi2c2
 .bss.timerLed  0x0000000020000164        0x4 ./Core/Src/main.o
                0x0000000020000164                timerLed
 .bss.rotEnc    0x0000000020000168        0x2 ./Core/Src/main.o
                0x0000000020000168                rotEnc
 .bss.countEnc  0x000000002000016a        0x2 ./Core/Src/main.o
                0x000000002000016a                countEnc
 .bss.i2c_val   0x000000002000016c        0x1 ./Core/Src/main.o
                0x000000002000016c                i2c_val
 *fill*         0x000000002000016d        0x3 
 .bss.Rx_buff   0x0000000020000170       0x20 ./Core/Src/main.o
                0x0000000020000170                Rx_buff
 .bss.Rx_temp   0x0000000020000190        0x1 ./Core/Src/main.o
                0x0000000020000190                Rx_temp
 .bss.Rx_state  0x0000000020000191        0x1 ./Core/Src/main.o
                0x0000000020000191                Rx_state
 *fill*         0x0000000020000192        0x2 
 .bss.freq_esp  0x0000000020000194        0x4 ./Core/Src/main.o
                0x0000000020000194                freq_esp
 .bss.button_biru
                0x0000000020000198        0x1 ./Core/Src/main.o
                0x0000000020000198                button_biru
 .bss.button_putih
                0x0000000020000199        0x1 ./Core/Src/main.o
                0x0000000020000199                button_putih
 .bss.button_kuning
                0x000000002000019a        0x1 ./Core/Src/main.o
                0x000000002000019a                button_kuning
 .bss.button_merah
                0x000000002000019b        0x1 ./Core/Src/main.o
                0x000000002000019b                button_merah
 .bss.submenu_active
                0x000000002000019c        0x1 ./Core/Src/main.o
                0x000000002000019c                submenu_active
 .bss.subsubmenu_active
                0x000000002000019d        0x1 ./Core/Src/main.o
                0x000000002000019d                subsubmenu_active
 *fill*         0x000000002000019e        0x2 
 .bss.menu_index
                0x00000000200001a0        0x4 ./Core/Src/main.o
                0x00000000200001a0                menu_index
 .bss.submenu_index
                0x00000000200001a4        0x4 ./Core/Src/main.o
                0x00000000200001a4                submenu_index
 .bss.unit_index
                0x00000000200001a8        0x4 ./Core/Src/main.o
                0x00000000200001a8                unit_index
 .bss.frequency
                0x00000000200001ac        0x2 ./Core/Src/main.o
                0x00000000200001ac                frequency
 *fill*         0x00000000200001ae        0x2 
 .bss.active_submenu
                0x00000000200001b0        0x4 ./Core/Src/main.o
                0x00000000200001b0                active_submenu
 .bss.si5351Correction
                0x00000000200001b4        0x4 ./Core/Src/si5351.o
                0x00000000200001b4                si5351Correction
 .bss.SSD1306_Buffer
                0x00000000200001b8      0x400 ./Core/Src/ssd1306.o
                0x00000000200001b8                SSD1306_Buffer
 .bss.SSD1306   0x00000000200005b8        0x6 ./Core/Src/ssd1306.o
 *fill*         0x00000000200005be        0x2 
 .bss.__sbrk_heap_end
                0x00000000200005c0        0x4 ./Core/Src/sysmem.o
 .bss.htim2     0x00000000200005c4       0x48 ./Core/Src/tim.o
                0x00000000200005c4                htim2
 .bss.htim5     0x000000002000060c       0x48 ./Core/Src/tim.o
                0x000000002000060c                htim5
 .bss.huart2    0x0000000020000654       0x48 ./Core/Src/usart.o
                0x0000000020000654                huart2
 .bss.uwTick    0x000000002000069c        0x4 ./Drivers/STM32F4xx_HAL_Driver/Src/stm32f4xx_hal.o
                0x000000002000069c                uwTick
 .bss.__sf      0x00000000200006a0      0x138 /opt/st/stm32cubeide_1.14.0/plugins/com.st.stm32cube.ide.mcu.externaltools.gnu-tools-for-stm32.11.3.rel1.linux64_1.1.100.202309141235/tools/bin/../lib/gcc/arm-none-eabi/11.3.1/../../../../arm-none-eabi/lib/thumb/v7e-m+fp/hard/libc_nano.a(libc_a-findfp.o)
                0x00000000200006a0                __sf
 .bss.errno     0x00000000200007d8        0x4 /opt/st/stm32cubeide_1.14.0/plugins/com.st.stm32cube.ide.mcu.externaltools.gnu-tools-for-stm32.11.3.rel1.linux64_1.1.100.202309141235/tools/bin/../lib/gcc/arm-none-eabi/11.3.1/../../../../arm-none-eabi/lib/thumb/v7e-m+fp/hard/libc_nano.a(libc_a-reent.o)
                0x00000000200007d8                errno
 .bss.__lock___malloc_recursive_mutex
                0x00000000200007dc        0x1 /opt/st/stm32cubeide_1.14.0/plugins/com.st.stm32cube.ide.mcu.externaltools.gnu-tools-for-stm32.11.3.rel1.linux64_1.1.100.202309141235/tools/bin/../lib/gcc/arm-none-eabi/11.3.1/../../../../arm-none-eabi/lib/thumb/v7e-m+fp/hard/libc_nano.a(libc_a-lock.o)
                0x00000000200007dc                __lock___malloc_recursive_mutex
 *fill*         0x00000000200007dd        0x3 
 .bss.__malloc_free_list
                0x00000000200007e0        0x4 /opt/st/stm32cubeide_1.14.0/plugins/com.st.stm32cube.ide.mcu.externaltools.gnu-tools-for-stm32.11.3.rel1.linux64_1.1.100.202309141235/tools/bin/../lib/gcc/arm-none-eabi/11.3.1/../../../../arm-none-eabi/lib/thumb/v7e-m+fp/hard/libc_nano.a(libc_a-mallocr.o)
                0x00000000200007e0                __malloc_free_list
 .bss.__malloc_sbrk_start
                0x00000000200007e4        0x4 /opt/st/stm32cubeide_1.14.0/plugins/com.st.stm32cube.ide.mcu.externaltools.gnu-tools-for-stm32.11.3.rel1.linux64_1.1.100.202309141235/tools/bin/../lib/gcc/arm-none-eabi/11.3.1/../../../../arm-none-eabi/lib/thumb/v7e-m+fp/hard/libc_nano.a(libc_a-mallocr.o)
                0x00000000200007e4                __malloc_sbrk_start
 *(COMMON)
                0x00000000200007e8                . = ALIGN (0x4)
                0x00000000200007e8                _ebss = .
                0x00000000200007e8                __bss_end__ = _ebss

._user_heap_stack
                0x00000000200007e8      0x600 load address 0x0000000008008958
                0x00000000200007e8                . = ALIGN (0x8)
                [!provide]                        PROVIDE (end = .)
                0x00000000200007e8                PROVIDE (_end = .)
                0x00000000200009e8                . = (. + _Min_Heap_Size)
 *fill*         0x00000000200007e8      0x200 
                0x0000000020000de8                . = (. + _Min_Stack_Size)
 *fill*         0x00000000200009e8      0x400 
                0x0000000020000de8                . = ALIGN (0x8)

/DISCARD/
 libc.a(*)
 libm.a(*)
 libgcc.a(*)

.ARM.attributes
                0x0000000000000000       0x30
 *(.ARM.attributes)
 .ARM.attributes
                0x0000000000000000       0x1e /opt/st/stm32cubeide_1.14.0/plugins/com.st.stm32cube.ide.mcu.externaltools.gnu-tools-for-stm32.11.3.rel1.linux64_1.1.100.202309141235/tools/bin/../lib/gcc/arm-none-eabi/11.3.1/thumb/v7e-m+fp/hard/crti.o
 .ARM.attributes
                0x000000000000001e       0x34 /opt/st/stm32cubeide_1.14.0/plugins/com.st.stm32cube.ide.mcu.externaltools.gnu-tools-for-stm32.11.3.rel1.linux64_1.1.100.202309141235/tools/bin/../lib/gcc/arm-none-eabi/11.3.1/thumb/v7e-m+fp/hard/crtbegin.o
 .ARM.attributes
                0x0000000000000052       0x34 ./Core/Src/fonts.o
 .ARM.attributes
                0x0000000000000086       0x34 ./Core/Src/gpio.o
 .ARM.attributes
                0x00000000000000ba       0x34 ./Core/Src/i2c.o
 .ARM.attributes
                0x00000000000000ee       0x34 ./Core/Src/main.o
 .ARM.attributes
                0x0000000000000122       0x34 ./Core/Src/si5351.o
 .ARM.attributes
                0x0000000000000156       0x34 ./Core/Src/ssd1306.o
 .ARM.attributes
                0x000000000000018a       0x34 ./Core/Src/stm32f4xx_hal_msp.o
 .ARM.attributes
                0x00000000000001be       0x34 ./Core/Src/stm32f4xx_it.o
 .ARM.attributes
                0x00000000000001f2       0x34 ./Core/Src/sysmem.o
 .ARM.attributes
                0x0000000000000226       0x34 ./Core/Src/system_stm32f4xx.o
 .ARM.attributes
                0x000000000000025a       0x34 ./Core/Src/tim.o
 .ARM.attributes
                0x000000000000028e       0x34 ./Core/Src/usart.o
 .ARM.attributes
                0x00000000000002c2       0x21 ./Core/Startup/startup_stm32f401ccux.o
 .ARM.attributes
                0x00000000000002e3       0x34 ./Drivers/STM32F4xx_HAL_Driver/Src/stm32f4xx_hal.o
 .ARM.attributes
                0x0000000000000317       0x34 ./Drivers/STM32F4xx_HAL_Driver/Src/stm32f4xx_hal_cortex.o
 .ARM.attributes
                0x000000000000034b       0x34 ./Drivers/STM32F4xx_HAL_Driver/Src/stm32f4xx_hal_dma.o
 .ARM.attributes
                0x000000000000037f       0x34 ./Drivers/STM32F4xx_HAL_Driver/Src/stm32f4xx_hal_gpio.o
 .ARM.attributes
                0x00000000000003b3       0x34 ./Drivers/STM32F4xx_HAL_Driver/Src/stm32f4xx_hal_i2c.o
 .ARM.attributes
                0x00000000000003e7       0x34 ./Drivers/STM32F4xx_HAL_Driver/Src/stm32f4xx_hal_rcc.o
 .ARM.attributes
                0x000000000000041b       0x34 ./Drivers/STM32F4xx_HAL_Driver/Src/stm32f4xx_hal_tim.o
 .ARM.attributes
                0x000000000000044f       0x34 ./Drivers/STM32F4xx_HAL_Driver/Src/stm32f4xx_hal_tim_ex.o
 .ARM.attributes
                0x0000000000000483       0x34 ./Drivers/STM32F4xx_HAL_Driver/Src/stm32f4xx_hal_uart.o
 .ARM.attributes
                0x00000000000004b7       0x34 /opt/st/stm32cubeide_1.14.0/plugins/com.st.stm32cube.ide.mcu.externaltools.gnu-tools-for-stm32.11.3.rel1.linux64_1.1.100.202309141235/tools/bin/../lib/gcc/arm-none-eabi/11.3.1/../../../../arm-none-eabi/lib/thumb/v7e-m+fp/hard/libc_nano.a(libc_a-findfp.o)
 .ARM.attributes
                0x00000000000004eb       0x34 /opt/st/stm32cubeide_1.14.0/plugins/com.st.stm32cube.ide.mcu.externaltools.gnu-tools-for-stm32.11.3.rel1.linux64_1.1.100.202309141235/tools/bin/../lib/gcc/arm-none-eabi/11.3.1/../../../../arm-none-eabi/lib/thumb/v7e-m+fp/hard/libc_nano.a(libc_a-snprintf.o)
 .ARM.attributes
                0x000000000000051f       0x34 /opt/st/stm32cubeide_1.14.0/plugins/com.st.stm32cube.ide.mcu.externaltools.gnu-tools-for-stm32.11.3.rel1.linux64_1.1.100.202309141235/tools/bin/../lib/gcc/arm-none-eabi/11.3.1/../../../../arm-none-eabi/lib/thumb/v7e-m+fp/hard/libc_nano.a(libc_a-memset.o)
 .ARM.attributes
                0x0000000000000553       0x34 /opt/st/stm32cubeide_1.14.0/plugins/com.st.stm32cube.ide.mcu.externaltools.gnu-tools-for-stm32.11.3.rel1.linux64_1.1.100.202309141235/tools/bin/../lib/gcc/arm-none-eabi/11.3.1/../../../../arm-none-eabi/lib/thumb/v7e-m+fp/hard/libc_nano.a(libc_a-reent.o)
 .ARM.attributes
                0x0000000000000587       0x34 /opt/st/stm32cubeide_1.14.0/plugins/com.st.stm32cube.ide.mcu.externaltools.gnu-tools-for-stm32.11.3.rel1.linux64_1.1.100.202309141235/tools/bin/../lib/gcc/arm-none-eabi/11.3.1/../../../../arm-none-eabi/lib/thumb/v7e-m+fp/hard/libc_nano.a(libc_a-impure.o)
 .ARM.attributes
                0x00000000000005bb       0x34 /opt/st/stm32cubeide_1.14.0/plugins/com.st.stm32cube.ide.mcu.externaltools.gnu-tools-for-stm32.11.3.rel1.linux64_1.1.100.202309141235/tools/bin/../lib/gcc/arm-none-eabi/11.3.1/../../../../arm-none-eabi/lib/thumb/v7e-m+fp/hard/libc_nano.a(libc_a-errno.o)
 .ARM.attributes
                0x00000000000005ef       0x34 /opt/st/stm32cubeide_1.14.0/plugins/com.st.stm32cube.ide.mcu.externaltools.gnu-tools-for-stm32.11.3.rel1.linux64_1.1.100.202309141235/tools/bin/../lib/gcc/arm-none-eabi/11.3.1/../../../../arm-none-eabi/lib/thumb/v7e-m+fp/hard/libc_nano.a(libc_a-init.o)
 .ARM.attributes
                0x0000000000000623       0x34 /opt/st/stm32cubeide_1.14.0/plugins/com.st.stm32cube.ide.mcu.externaltools.gnu-tools-for-stm32.11.3.rel1.linux64_1.1.100.202309141235/tools/bin/../lib/gcc/arm-none-eabi/11.3.1/../../../../arm-none-eabi/lib/thumb/v7e-m+fp/hard/libc_nano.a(libc_a-lock.o)
 .ARM.attributes
                0x0000000000000657       0x34 /opt/st/stm32cubeide_1.14.0/plugins/com.st.stm32cube.ide.mcu.externaltools.gnu-tools-for-stm32.11.3.rel1.linux64_1.1.100.202309141235/tools/bin/../lib/gcc/arm-none-eabi/11.3.1/../../../../arm-none-eabi/lib/thumb/v7e-m+fp/hard/libc_nano.a(libc_a-freer.o)
 .ARM.attributes
                0x000000000000068b       0x34 /opt/st/stm32cubeide_1.14.0/plugins/com.st.stm32cube.ide.mcu.externaltools.gnu-tools-for-stm32.11.3.rel1.linux64_1.1.100.202309141235/tools/bin/../lib/gcc/arm-none-eabi/11.3.1/../../../../arm-none-eabi/lib/thumb/v7e-m+fp/hard/libc_nano.a(libc_a-mallocr.o)
 .ARM.attributes
                0x00000000000006bf       0x34 /opt/st/stm32cubeide_1.14.0/plugins/com.st.stm32cube.ide.mcu.externaltools.gnu-tools-for-stm32.11.3.rel1.linux64_1.1.100.202309141235/tools/bin/../lib/gcc/arm-none-eabi/11.3.1/../../../../arm-none-eabi/lib/thumb/v7e-m+fp/hard/libc_nano.a(libc_a-mlock.o)
 .ARM.attributes
                0x00000000000006f3       0x34 /opt/st/stm32cubeide_1.14.0/plugins/com.st.stm32cube.ide.mcu.externaltools.gnu-tools-for-stm32.11.3.rel1.linux64_1.1.100.202309141235/tools/bin/../lib/gcc/arm-none-eabi/11.3.1/../../../../arm-none-eabi/lib/thumb/v7e-m+fp/hard/libc_nano.a(libc_a-nano-svfprintf.o)
 .ARM.attributes
                0x0000000000000727       0x34 /opt/st/stm32cubeide_1.14.0/plugins/com.st.stm32cube.ide.mcu.externaltools.gnu-tools-for-stm32.11.3.rel1.linux64_1.1.100.202309141235/tools/bin/../lib/gcc/arm-none-eabi/11.3.1/../../../../arm-none-eabi/lib/thumb/v7e-m+fp/hard/libc_nano.a(libc_a-nano-vfprintf_i.o)
 .ARM.attributes
                0x000000000000075b       0x34 /opt/st/stm32cubeide_1.14.0/plugins/com.st.stm32cube.ide.mcu.externaltools.gnu-tools-for-stm32.11.3.rel1.linux64_1.1.100.202309141235/tools/bin/../lib/gcc/arm-none-eabi/11.3.1/../../../../arm-none-eabi/lib/thumb/v7e-m+fp/hard/libc_nano.a(libc_a-memmove.o)
 .ARM.attributes
                0x000000000000078f       0x34 /opt/st/stm32cubeide_1.14.0/plugins/com.st.stm32cube.ide.mcu.externaltools.gnu-tools-for-stm32.11.3.rel1.linux64_1.1.100.202309141235/tools/bin/../lib/gcc/arm-none-eabi/11.3.1/../../../../arm-none-eabi/lib/thumb/v7e-m+fp/hard/libc_nano.a(libc_a-sbrkr.o)
 .ARM.attributes
                0x00000000000007c3       0x1c /opt/st/stm32cubeide_1.14.0/plugins/com.st.stm32cube.ide.mcu.externaltools.gnu-tools-for-stm32.11.3.rel1.linux64_1.1.100.202309141235/tools/bin/../lib/gcc/arm-none-eabi/11.3.1/../../../../arm-none-eabi/lib/thumb/v7e-m+fp/hard/libc_nano.a(libc_a-memchr.o)
 .ARM.attributes
                0x00000000000007df       0x34 /opt/st/stm32cubeide_1.14.0/plugins/com.st.stm32cube.ide.mcu.externaltools.gnu-tools-for-stm32.11.3.rel1.linux64_1.1.100.202309141235/tools/bin/../lib/gcc/arm-none-eabi/11.3.1/../../../../arm-none-eabi/lib/thumb/v7e-m+fp/hard/libc_nano.a(libc_a-memcpy-stub.o)
 .ARM.attributes
                0x0000000000000813       0x34 /opt/st/stm32cubeide_1.14.0/plugins/com.st.stm32cube.ide.mcu.externaltools.gnu-tools-for-stm32.11.3.rel1.linux64_1.1.100.202309141235/tools/bin/../lib/gcc/arm-none-eabi/11.3.1/../../../../arm-none-eabi/lib/thumb/v7e-m+fp/hard/libc_nano.a(libc_a-reallocr.o)
 .ARM.attributes
                0x0000000000000847       0x34 /opt/st/stm32cubeide_1.14.0/plugins/com.st.stm32cube.ide.mcu.externaltools.gnu-tools-for-stm32.11.3.rel1.linux64_1.1.100.202309141235/tools/bin/../lib/gcc/arm-none-eabi/11.3.1/../../../../arm-none-eabi/lib/thumb/v7e-m+fp/hard/libc_nano.a(libc_a-msizer.o)
 .ARM.attributes
                0x000000000000087b       0x1e /opt/st/stm32cubeide_1.14.0/plugins/com.st.stm32cube.ide.mcu.externaltools.gnu-tools-for-stm32.11.3.rel1.linux64_1.1.100.202309141235/tools/bin/../lib/gcc/arm-none-eabi/11.3.1/thumb/v7e-m+fp/hard/libgcc.a(_arm_addsubdf3.o)
 .ARM.attributes
                0x0000000000000899       0x1e /opt/st/stm32cubeide_1.14.0/plugins/com.st.stm32cube.ide.mcu.externaltools.gnu-tools-for-stm32.11.3.rel1.linux64_1.1.100.202309141235/tools/bin/../lib/gcc/arm-none-eabi/11.3.1/thumb/v7e-m+fp/hard/libgcc.a(_arm_muldivdf3.o)
 .ARM.attributes
                0x00000000000008b7       0x1e /opt/st/stm32cubeide_1.14.0/plugins/com.st.stm32cube.ide.mcu.externaltools.gnu-tools-for-stm32.11.3.rel1.linux64_1.1.100.202309141235/tools/bin/../lib/gcc/arm-none-eabi/11.3.1/thumb/v7e-m+fp/hard/libgcc.a(_arm_fixdfsi.o)
 .ARM.attributes
                0x00000000000008d5       0x1e /opt/st/stm32cubeide_1.14.0/plugins/com.st.stm32cube.ide.mcu.externaltools.gnu-tools-for-stm32.11.3.rel1.linux64_1.1.100.202309141235/tools/bin/../lib/gcc/arm-none-eabi/11.3.1/thumb/v7e-m+fp/hard/libgcc.a(_aeabi_uldivmod.o)
 .ARM.attributes
                0x00000000000008f3       0x34 /opt/st/stm32cubeide_1.14.0/plugins/com.st.stm32cube.ide.mcu.externaltools.gnu-tools-for-stm32.11.3.rel1.linux64_1.1.100.202309141235/tools/bin/../lib/gcc/arm-none-eabi/11.3.1/thumb/v7e-m+fp/hard/libgcc.a(_udivmoddi4.o)
 .ARM.attributes
                0x0000000000000927       0x1e /opt/st/stm32cubeide_1.14.0/plugins/com.st.stm32cube.ide.mcu.externaltools.gnu-tools-for-stm32.11.3.rel1.linux64_1.1.100.202309141235/tools/bin/../lib/gcc/arm-none-eabi/11.3.1/thumb/v7e-m+fp/hard/libgcc.a(_dvmd_tls.o)
 .ARM.attributes
                0x0000000000000945       0x1e /opt/st/stm32cubeide_1.14.0/plugins/com.st.stm32cube.ide.mcu.externaltools.gnu-tools-for-stm32.11.3.rel1.linux64_1.1.100.202309141235/tools/bin/../lib/gcc/arm-none-eabi/11.3.1/thumb/v7e-m+fp/hard/crtn.o
OUTPUT(tes_blek.elf elf32-littlearm)
LOAD linker stubs
LOAD /opt/st/stm32cubeide_1.14.0/plugins/com.st.stm32cube.ide.mcu.externaltools.gnu-tools-for-stm32.11.3.rel1.linux64_1.1.100.202309141235/tools/bin/../lib/gcc/arm-none-eabi/11.3.1/../../../../arm-none-eabi/lib/thumb/v7e-m+fp/hard/libc.a
LOAD /opt/st/stm32cubeide_1.14.0/plugins/com.st.stm32cube.ide.mcu.externaltools.gnu-tools-for-stm32.11.3.rel1.linux64_1.1.100.202309141235/tools/bin/../lib/gcc/arm-none-eabi/11.3.1/../../../../arm-none-eabi/lib/thumb/v7e-m+fp/hard/libm.a
LOAD /opt/st/stm32cubeide_1.14.0/plugins/com.st.stm32cube.ide.mcu.externaltools.gnu-tools-for-stm32.11.3.rel1.linux64_1.1.100.202309141235/tools/bin/../lib/gcc/arm-none-eabi/11.3.1/thumb/v7e-m+fp/hard/libgcc.a

.comment        0x0000000000000000       0x43
 .comment       0x0000000000000000       0x43 /opt/st/stm32cubeide_1.14.0/plugins/com.st.stm32cube.ide.mcu.externaltools.gnu-tools-for-stm32.11.3.rel1.linux64_1.1.100.202309141235/tools/bin/../lib/gcc/arm-none-eabi/11.3.1/thumb/v7e-m+fp/hard/crtbegin.o
                                         0x44 (size before relaxing)
 .comment       0x0000000000000043       0x44 ./Core/Src/fonts.o
 .comment       0x0000000000000043       0x44 ./Core/Src/gpio.o
 .comment       0x0000000000000043       0x44 ./Core/Src/i2c.o
 .comment       0x0000000000000043       0x44 ./Core/Src/main.o
 .comment       0x0000000000000043       0x44 ./Core/Src/si5351.o
 .comment       0x0000000000000043       0x44 ./Core/Src/ssd1306.o
 .comment       0x0000000000000043       0x44 ./Core/Src/stm32f4xx_hal_msp.o
 .comment       0x0000000000000043       0x44 ./Core/Src/stm32f4xx_it.o
 .comment       0x0000000000000043       0x44 ./Core/Src/sysmem.o
 .comment       0x0000000000000043       0x44 ./Core/Src/system_stm32f4xx.o
 .comment       0x0000000000000043       0x44 ./Core/Src/tim.o
 .comment       0x0000000000000043       0x44 ./Core/Src/usart.o
 .comment       0x0000000000000043       0x44 ./Drivers/STM32F4xx_HAL_Driver/Src/stm32f4xx_hal.o
 .comment       0x0000000000000043       0x44 ./Drivers/STM32F4xx_HAL_Driver/Src/stm32f4xx_hal_cortex.o
 .comment       0x0000000000000043       0x44 ./Drivers/STM32F4xx_HAL_Driver/Src/stm32f4xx_hal_dma.o
 .comment       0x0000000000000043       0x44 ./Drivers/STM32F4xx_HAL_Driver/Src/stm32f4xx_hal_gpio.o
 .comment       0x0000000000000043       0x44 ./Drivers/STM32F4xx_HAL_Driver/Src/stm32f4xx_hal_i2c.o
 .comment       0x0000000000000043       0x44 ./Drivers/STM32F4xx_HAL_Driver/Src/stm32f4xx_hal_rcc.o
 .comment       0x0000000000000043       0x44 ./Drivers/STM32F4xx_HAL_Driver/Src/stm32f4xx_hal_tim.o
 .comment       0x0000000000000043       0x44 ./Drivers/STM32F4xx_HAL_Driver/Src/stm32f4xx_hal_tim_ex.o
 .comment       0x0000000000000043       0x44 ./Drivers/STM32F4xx_HAL_Driver/Src/stm32f4xx_hal_uart.o

.debug_info     0x0000000000000000    0x12c33
 .debug_info    0x0000000000000000      0x19a ./Core/Src/fonts.o
 .debug_info    0x000000000000019a      0x433 ./Core/Src/gpio.o
 .debug_info    0x00000000000005cd      0x9fd ./Core/Src/i2c.o
 .debug_info    0x0000000000000fca     0x17de ./Core/Src/main.o
 .debug_info    0x00000000000027a8      0xe79 ./Core/Src/si5351.o
 .debug_info    0x0000000000003621      0x936 ./Core/Src/ssd1306.o
 .debug_info    0x0000000000003f57      0x291 ./Core/Src/stm32f4xx_hal_msp.o
 .debug_info    0x00000000000041e8      0x984 ./Core/Src/stm32f4xx_it.o
 .debug_info    0x0000000000004b6c      0x168 ./Core/Src/sysmem.o
 .debug_info    0x0000000000004cd4      0x53e ./Core/Src/system_stm32f4xx.o
 .debug_info    0x0000000000005212      0xe6f ./Core/Src/tim.o
 .debug_info    0x0000000000006081      0xb28 ./Core/Src/usart.o
 .debug_info    0x0000000000006ba9       0x23 ./Core/Startup/startup_stm32f401ccux.o
 .debug_info    0x0000000000006bcc      0x8bb ./Drivers/STM32F4xx_HAL_Driver/Src/stm32f4xx_hal.o
 .debug_info    0x0000000000007487      0xcf6 ./Drivers/STM32F4xx_HAL_Driver/Src/stm32f4xx_hal_cortex.o
 .debug_info    0x000000000000817d      0x8e6 ./Drivers/STM32F4xx_HAL_Driver/Src/stm32f4xx_hal_dma.o
 .debug_info    0x0000000000008a63      0x6f9 ./Drivers/STM32F4xx_HAL_Driver/Src/stm32f4xx_hal_gpio.o
 .debug_info    0x000000000000915c     0x2426 ./Drivers/STM32F4xx_HAL_Driver/Src/stm32f4xx_hal_i2c.o
 .debug_info    0x000000000000b582      0x8f1 ./Drivers/STM32F4xx_HAL_Driver/Src/stm32f4xx_hal_rcc.o
 .debug_info    0x000000000000be73     0x2996 ./Drivers/STM32F4xx_HAL_Driver/Src/stm32f4xx_hal_tim.o
 .debug_info    0x000000000000e809     0x14d4 ./Drivers/STM32F4xx_HAL_Driver/Src/stm32f4xx_hal_tim_ex.o
 .debug_info    0x000000000000fcdd     0x2f56 ./Drivers/STM32F4xx_HAL_Driver/Src/stm32f4xx_hal_uart.o

.debug_abbrev   0x0000000000000000     0x2b6d
 .debug_abbrev  0x0000000000000000       0xb3 ./Core/Src/fonts.o
 .debug_abbrev  0x00000000000000b3      0x151 ./Core/Src/gpio.o
 .debug_abbrev  0x0000000000000204      0x1f6 ./Core/Src/i2c.o
 .debug_abbrev  0x00000000000003fa      0x305 ./Core/Src/main.o
 .debug_abbrev  0x00000000000006ff      0x27e ./Core/Src/si5351.o
 .debug_abbrev  0x000000000000097d      0x232 ./Core/Src/ssd1306.o
 .debug_abbrev  0x0000000000000baf       0xd8 ./Core/Src/stm32f4xx_hal_msp.o
 .debug_abbrev  0x0000000000000c87      0x1af ./Core/Src/stm32f4xx_it.o
 .debug_abbrev  0x0000000000000e36       0xbc ./Core/Src/sysmem.o
 .debug_abbrev  0x0000000000000ef2      0x11a ./Core/Src/system_stm32f4xx.o
 .debug_abbrev  0x000000000000100c      0x22e ./Core/Src/tim.o
 .debug_abbrev  0x000000000000123a      0x217 ./Core/Src/usart.o
 .debug_abbrev  0x0000000000001451       0x12 ./Core/Startup/startup_stm32f401ccux.o
 .debug_abbrev  0x0000000000001463      0x24b ./Drivers/STM32F4xx_HAL_Driver/Src/stm32f4xx_hal.o
 .debug_abbrev  0x00000000000016ae      0x31d ./Drivers/STM32F4xx_HAL_Driver/Src/stm32f4xx_hal_cortex.o
 .debug_abbrev  0x00000000000019cb      0x221 ./Drivers/STM32F4xx_HAL_Driver/Src/stm32f4xx_hal_dma.o
 .debug_abbrev  0x0000000000001bec      0x1d3 ./Drivers/STM32F4xx_HAL_Driver/Src/stm32f4xx_hal_gpio.o
 .debug_abbrev  0x0000000000001dbf      0x2bc ./Drivers/STM32F4xx_HAL_Driver/Src/stm32f4xx_hal_i2c.o
 .debug_abbrev  0x000000000000207b      0x2b6 ./Drivers/STM32F4xx_HAL_Driver/Src/stm32f4xx_hal_rcc.o
 .debug_abbrev  0x0000000000002331      0x28b ./Drivers/STM32F4xx_HAL_Driver/Src/stm32f4xx_hal_tim.o
 .debug_abbrev  0x00000000000025bc      0x296 ./Drivers/STM32F4xx_HAL_Driver/Src/stm32f4xx_hal_tim_ex.o
 .debug_abbrev  0x0000000000002852      0x31b ./Drivers/STM32F4xx_HAL_Driver/Src/stm32f4xx_hal_uart.o

.debug_aranges  0x0000000000000000     0x10a8
 .debug_aranges
                0x0000000000000000       0x18 ./Core/Src/fonts.o
 .debug_aranges
                0x0000000000000018       0x20 ./Core/Src/gpio.o
 .debug_aranges
                0x0000000000000038       0x38 ./Core/Src/i2c.o
 .debug_aranges
                0x0000000000000070       0x78 ./Core/Src/main.o
 .debug_aranges
                0x00000000000000e8       0x70 ./Core/Src/si5351.o
 .debug_aranges
                0x0000000000000158       0x60 ./Core/Src/ssd1306.o
 .debug_aranges
                0x00000000000001b8       0x20 ./Core/Src/stm32f4xx_hal_msp.o
 .debug_aranges
                0x00000000000001d8       0x70 ./Core/Src/stm32f4xx_it.o
 .debug_aranges
                0x0000000000000248       0x20 ./Core/Src/sysmem.o
 .debug_aranges
                0x0000000000000268       0x28 ./Core/Src/system_stm32f4xx.o
 .debug_aranges
                0x0000000000000290       0x48 ./Core/Src/tim.o
 .debug_aranges
                0x00000000000002d8       0x30 ./Core/Src/usart.o
 .debug_aranges
                0x0000000000000308       0x28 ./Core/Startup/startup_stm32f401ccux.o
 .debug_aranges
                0x0000000000000330       0xf0 ./Drivers/STM32F4xx_HAL_Driver/Src/stm32f4xx_hal.o
 .debug_aranges
                0x0000000000000420      0x130 ./Drivers/STM32F4xx_HAL_Driver/Src/stm32f4xx_hal_cortex.o
 .debug_aranges
                0x0000000000000550       0x90 ./Drivers/STM32F4xx_HAL_Driver/Src/stm32f4xx_hal_dma.o
 .debug_aranges
                0x00000000000005e0       0x58 ./Drivers/STM32F4xx_HAL_Driver/Src/stm32f4xx_hal_gpio.o
 .debug_aranges
                0x0000000000000638      0x2a8 ./Drivers/STM32F4xx_HAL_Driver/Src/stm32f4xx_hal_i2c.o
 .debug_aranges
                0x00000000000008e0       0x88 ./Drivers/STM32F4xx_HAL_Driver/Src/stm32f4xx_hal_rcc.o
 .debug_aranges
                0x0000000000000968      0x3d0 ./Drivers/STM32F4xx_HAL_Driver/Src/stm32f4xx_hal_tim.o
 .debug_aranges
                0x0000000000000d38      0x168 ./Drivers/STM32F4xx_HAL_Driver/Src/stm32f4xx_hal_tim_ex.o
 .debug_aranges
                0x0000000000000ea0      0x208 ./Drivers/STM32F4xx_HAL_Driver/Src/stm32f4xx_hal_uart.o

.debug_macro    0x0000000000000000    0x17844
 .debug_macro   0x0000000000000000       0x6d ./Core/Src/fonts.o
 .debug_macro   0x000000000000006d      0xaa8 ./Core/Src/fonts.o
 .debug_macro   0x0000000000000b15       0x22 ./Core/Src/fonts.o
 .debug_macro   0x0000000000000b37       0x8e ./Core/Src/fonts.o
 .debug_macro   0x0000000000000bc5       0x51 ./Core/Src/fonts.o
 .debug_macro   0x0000000000000c16      0x103 ./Core/Src/fonts.o
 .debug_macro   0x0000000000000d19       0x6a ./Core/Src/fonts.o
 .debug_macro   0x0000000000000d83      0x1df ./Core/Src/fonts.o
 .debug_macro   0x0000000000000f62      0x1fb ./Core/Src/gpio.o
 .debug_macro   0x000000000000115d      0x2a1 ./Core/Src/gpio.o
 .debug_macro   0x00000000000013fe       0x2e ./Core/Src/gpio.o
 .debug_macro   0x000000000000142c       0x28 ./Core/Src/gpio.o
 .debug_macro   0x0000000000001454       0x1c ./Core/Src/gpio.o
 .debug_macro   0x0000000000001470       0x22 ./Core/Src/gpio.o
 .debug_macro   0x0000000000001492       0xfb ./Core/Src/gpio.o
 .debug_macro   0x000000000000158d     0x1011 ./Core/Src/gpio.o
 .debug_macro   0x000000000000259e      0x11f ./Core/Src/gpio.o
 .debug_macro   0x00000000000026bd     0xb86c ./Core/Src/gpio.o
 .debug_macro   0x000000000000df29       0x6d ./Core/Src/gpio.o
 .debug_macro   0x000000000000df96     0x369a ./Core/Src/gpio.o
 .debug_macro   0x0000000000011630      0x174 ./Core/Src/gpio.o
 .debug_macro   0x00000000000117a4       0x5c ./Core/Src/gpio.o
 .debug_macro   0x0000000000011800      0x416 ./Core/Src/gpio.o
 .debug_macro   0x0000000000011c16      0x9e9 ./Core/Src/gpio.o
 .debug_macro   0x00000000000125ff      0x115 ./Core/Src/gpio.o
 .debug_macro   0x0000000000012714       0xf8 ./Core/Src/gpio.o
 .debug_macro   0x000000000001280c       0xa5 ./Core/Src/gpio.o
 .debug_macro   0x00000000000128b1      0x15f ./Core/Src/gpio.o
 .debug_macro   0x0000000000012a10      0x287 ./Core/Src/gpio.o
 .debug_macro   0x0000000000012c97       0x5f ./Core/Src/gpio.o
 .debug_macro   0x0000000000012cf6      0x236 ./Core/Src/gpio.o
 .debug_macro   0x0000000000012f2c      0x132 ./Core/Src/gpio.o
 .debug_macro   0x000000000001305e      0x23a ./Core/Src/gpio.o
 .debug_macro   0x0000000000013298       0x2e ./Core/Src/gpio.o
 .debug_macro   0x00000000000132c6      0x1b5 ./Core/Src/gpio.o
 .debug_macro   0x000000000001347b       0x22 ./Core/Src/gpio.o
 .debug_macro   0x000000000001349d       0xd6 ./Core/Src/gpio.o
 .debug_macro   0x0000000000013573      0x127 ./Core/Src/gpio.o
 .debug_macro   0x000000000001369a       0x85 ./Core/Src/gpio.o
 .debug_macro   0x000000000001371f       0x89 ./Core/Src/gpio.o
 .debug_macro   0x00000000000137a8      0x8ed ./Core/Src/gpio.o
 .debug_macro   0x0000000000014095       0x47 ./Core/Src/gpio.o
 .debug_macro   0x00000000000140dc      0x2aa ./Core/Src/gpio.o
 .debug_macro   0x0000000000014386      0x126 ./Core/Src/gpio.o
 .debug_macro   0x00000000000144ac      0x1fb ./Core/Src/i2c.o
 .debug_macro   0x00000000000146a7      0x34f ./Core/Src/main.o
 .debug_macro   0x00000000000149f6       0x61 ./Core/Src/main.o
 .debug_macro   0x0000000000014a57       0x2a ./Core/Src/main.o
 .debug_macro   0x0000000000014a81       0x43 ./Core/Src/main.o
 .debug_macro   0x0000000000014ac4       0x34 ./Core/Src/main.o
 .debug_macro   0x0000000000014af8       0x16 ./Core/Src/main.o
 .debug_macro   0x0000000000014b0e       0x43 ./Core/Src/main.o
 .debug_macro   0x0000000000014b51       0x34 ./Core/Src/main.o
 .debug_macro   0x0000000000014b85       0x10 ./Core/Src/main.o
 .debug_macro   0x0000000000014b95       0x58 ./Core/Src/main.o
 .debug_macro   0x0000000000014bed       0x8e ./Core/Src/main.o
 .debug_macro   0x0000000000014c7b       0x1c ./Core/Src/main.o
 .debug_macro   0x0000000000014c97      0x177 ./Core/Src/main.o
 .debug_macro   0x0000000000014e0e      0x369 ./Core/Src/main.o
 .debug_macro   0x0000000000015177      0x19b ./Core/Src/main.o
 .debug_macro   0x0000000000015312       0x1c ./Core/Src/main.o
 .debug_macro   0x000000000001532e       0x35 ./Core/Src/main.o
 .debug_macro   0x0000000000015363       0x10 ./Core/Src/main.o
 .debug_macro   0x0000000000015373       0x1c ./Core/Src/main.o
 .debug_macro   0x000000000001538f       0x16 ./Core/Src/main.o
 .debug_macro   0x00000000000153a5      0x147 ./Core/Src/main.o
 .debug_macro   0x00000000000154ec       0x16 ./Core/Src/main.o
 .debug_macro   0x0000000000015502       0x20 ./Core/Src/main.o
 .debug_macro   0x0000000000015522       0x22 ./Core/Src/main.o
 .debug_macro   0x0000000000015544      0x1fd ./Core/Src/si5351.o
 .debug_macro   0x0000000000015741      0x200 ./Core/Src/ssd1306.o
 .debug_macro   0x0000000000015941      0x1f1 ./Core/Src/stm32f4xx_hal_msp.o
 .debug_macro   0x0000000000015b32      0x1fb ./Core/Src/stm32f4xx_it.o
 .debug_macro   0x0000000000015d2d       0xff ./Core/Src/sysmem.o
 .debug_macro   0x0000000000015e2c      0x23c ./Core/Src/sysmem.o
 .debug_macro   0x0000000000016068      0x1e7 ./Core/Src/system_stm32f4xx.o
 .debug_macro   0x000000000001624f      0x1fb ./Core/Src/tim.o
 .debug_macro   0x000000000001644a      0x1fb ./Core/Src/usart.o
 .debug_macro   0x0000000000016645      0x247 ./Drivers/STM32F4xx_HAL_Driver/Src/stm32f4xx_hal.o
 .debug_macro   0x000000000001688c      0x1e7 ./Drivers/STM32F4xx_HAL_Driver/Src/stm32f4xx_hal_cortex.o
 .debug_macro   0x0000000000016a73      0x1ed ./Drivers/STM32F4xx_HAL_Driver/Src/stm32f4xx_hal_dma.o
 .debug_macro   0x0000000000016c60      0x1ed ./Drivers/STM32F4xx_HAL_Driver/Src/stm32f4xx_hal_gpio.o
 .debug_macro   0x0000000000016e4d      0x235 ./Drivers/STM32F4xx_HAL_Driver/Src/stm32f4xx_hal_i2c.o
 .debug_macro   0x0000000000017082      0x20b ./Drivers/STM32F4xx_HAL_Driver/Src/stm32f4xx_hal_rcc.o
 .debug_macro   0x000000000001728d      0x1e8 ./Drivers/STM32F4xx_HAL_Driver/Src/stm32f4xx_hal_tim.o
 .debug_macro   0x0000000000017475      0x1e7 ./Drivers/STM32F4xx_HAL_Driver/Src/stm32f4xx_hal_tim_ex.o
 .debug_macro   0x000000000001765c      0x1e8 ./Drivers/STM32F4xx_HAL_Driver/Src/stm32f4xx_hal_uart.o

.debug_line     0x0000000000000000    0x14afb
 .debug_line    0x0000000000000000      0x357 ./Core/Src/fonts.o
 .debug_line    0x0000000000000357      0x700 ./Core/Src/gpio.o
 .debug_line    0x0000000000000a57      0x7ac ./Core/Src/i2c.o
 .debug_line    0x0000000000001203      0xd58 ./Core/Src/main.o
 .debug_line    0x0000000000001f5b      0x9c7 ./Core/Src/si5351.o
 .debug_line    0x0000000000002922      0x990 ./Core/Src/ssd1306.o
 .debug_line    0x00000000000032b2      0x6c5 ./Core/Src/stm32f4xx_hal_msp.o
 .debug_line    0x0000000000003977      0x7b7 ./Core/Src/stm32f4xx_it.o
 .debug_line    0x000000000000412e      0x4b8 ./Core/Src/sysmem.o
 .debug_line    0x00000000000045e6      0x746 ./Core/Src/system_stm32f4xx.o
 .debug_line    0x0000000000004d2c      0x7d7 ./Core/Src/tim.o
 .debug_line    0x0000000000005503      0x731 ./Core/Src/usart.o
 .debug_line    0x0000000000005c34       0x7a ./Core/Startup/startup_stm32f401ccux.o
 .debug_line    0x0000000000005cae      0x9ac ./Drivers/STM32F4xx_HAL_Driver/Src/stm32f4xx_hal.o
 .debug_line    0x000000000000665a      0xca6 ./Drivers/STM32F4xx_HAL_Driver/Src/stm32f4xx_hal_cortex.o
 .debug_line    0x0000000000007300      0xf10 ./Drivers/STM32F4xx_HAL_Driver/Src/stm32f4xx_hal_dma.o
 .debug_line    0x0000000000008210      0xae4 ./Drivers/STM32F4xx_HAL_Driver/Src/stm32f4xx_hal_gpio.o
 .debug_line    0x0000000000008cf4     0x3a0e ./Drivers/STM32F4xx_HAL_Driver/Src/stm32f4xx_hal_i2c.o
 .debug_line    0x000000000000c702      0xd3b ./Drivers/STM32F4xx_HAL_Driver/Src/stm32f4xx_hal_rcc.o
 .debug_line    0x000000000000d43d     0x3512 ./Drivers/STM32F4xx_HAL_Driver/Src/stm32f4xx_hal_tim.o
 .debug_line    0x000000000001094f     0x1943 ./Drivers/STM32F4xx_HAL_Driver/Src/stm32f4xx_hal_tim_ex.o
 .debug_line    0x0000000000012292     0x2869 ./Drivers/STM32F4xx_HAL_Driver/Src/stm32f4xx_hal_uart.o

.debug_str      0x0000000000000000    0x91a39
 .debug_str     0x0000000000000000     0x3bf5 ./Core/Src/fonts.o
                                       0x3d6b (size before relaxing)
 .debug_str     0x0000000000003bf5    0x8400f ./Core/Src/gpio.o
                                      0x87e0c (size before relaxing)
 .debug_str     0x0000000000087c04      0x53b ./Core/Src/i2c.o
                                      0x88353 (size before relaxing)
 .debug_str     0x000000000008813f     0x4a1f ./Core/Src/main.o
                                      0x8ce6d (size before relaxing)
 .debug_str     0x000000000008cb5e      0xf19 ./Core/Src/si5351.o
                                      0x8915f (size before relaxing)
 .debug_str     0x000000000008da77       0xc4 ./Core/Src/ssd1306.o
                                      0x88328 (size before relaxing)
 .debug_str     0x000000000008db3b       0x2c ./Core/Src/stm32f4xx_hal_msp.o
                                      0x87d41 (size before relaxing)
 .debug_str     0x000000000008db67      0x112 ./Core/Src/stm32f4xx_it.o
                                      0x88463 (size before relaxing)
 .debug_str     0x000000000008dc79      0x4dc ./Core/Src/sysmem.o
                                       0x6060 (size before relaxing)
 .debug_str     0x000000000008e155       0xdb ./Core/Src/system_stm32f4xx.o
                                      0x87df1 (size before relaxing)
 .debug_str     0x000000000008e230      0x5e9 ./Core/Src/tim.o
                                      0x88958 (size before relaxing)
 .debug_str     0x000000000008e819       0x51 ./Core/Src/usart.o
                                      0x8869b (size before relaxing)
 .debug_str     0x000000000008e86a       0x34 ./Core/Startup/startup_stm32f401ccux.o
                                         0x72 (size before relaxing)
 .debug_str     0x000000000008e89e      0x601 ./Drivers/STM32F4xx_HAL_Driver/Src/stm32f4xx_hal.o
                                      0x88813 (size before relaxing)
 .debug_str     0x000000000008ee9f      0x361 ./Drivers/STM32F4xx_HAL_Driver/Src/stm32f4xx_hal_cortex.o
                                      0x8857d (size before relaxing)
 .debug_str     0x000000000008f200      0x323 ./Drivers/STM32F4xx_HAL_Driver/Src/stm32f4xx_hal_dma.o
                                      0x881f9 (size before relaxing)
 .debug_str     0x000000000008f523       0xf8 ./Drivers/STM32F4xx_HAL_Driver/Src/stm32f4xx_hal_gpio.o
                                      0x87f6c (size before relaxing)
 .debug_str     0x000000000008f61b      0xaf1 ./Drivers/STM32F4xx_HAL_Driver/Src/stm32f4xx_hal_i2c.o
                                      0x88e02 (size before relaxing)
 .debug_str     0x000000000009010c      0x213 ./Drivers/STM32F4xx_HAL_Driver/Src/stm32f4xx_hal_rcc.o
                                      0x88225 (size before relaxing)
 .debug_str     0x000000000009031f      0xcc4 ./Drivers/STM32F4xx_HAL_Driver/Src/stm32f4xx_hal_tim.o
                                      0x89169 (size before relaxing)
 .debug_str     0x0000000000090fe3      0x493 ./Drivers/STM32F4xx_HAL_Driver/Src/stm32f4xx_hal_tim_ex.o
                                      0x88975 (size before relaxing)
 .debug_str     0x0000000000091476      0x5c3 ./Drivers/STM32F4xx_HAL_Driver/Src/stm32f4xx_hal_uart.o
                                      0x887f4 (size before relaxing)

.debug_rnglists
                0x0000000000000000      0xd06
 .debug_rnglists
                0x0000000000000000       0x14 ./Core/Src/gpio.o
 .debug_rnglists
                0x0000000000000014       0x26 ./Core/Src/i2c.o
 .debug_rnglists
                0x000000000000003a       0x5c ./Core/Src/main.o
 .debug_rnglists
                0x0000000000000096       0x53 ./Core/Src/si5351.o
 .debug_rnglists
                0x00000000000000e9       0x46 ./Core/Src/ssd1306.o
 .debug_rnglists
                0x000000000000012f       0x13 ./Core/Src/stm32f4xx_hal_msp.o
 .debug_rnglists
                0x0000000000000142       0x4f ./Core/Src/stm32f4xx_it.o
 .debug_rnglists
                0x0000000000000191       0x13 ./Core/Src/sysmem.o
 .debug_rnglists
                0x00000000000001a4       0x1a ./Core/Src/system_stm32f4xx.o
 .debug_rnglists
                0x00000000000001be       0x34 ./Core/Src/tim.o
 .debug_rnglists
                0x00000000000001f2       0x20 ./Core/Src/usart.o
 .debug_rnglists
                0x0000000000000212       0x19 ./Core/Startup/startup_stm32f401ccux.o
 .debug_rnglists
                0x000000000000022b       0xaf ./Drivers/STM32F4xx_HAL_Driver/Src/stm32f4xx_hal.o
 .debug_rnglists
                0x00000000000002da       0xe0 ./Drivers/STM32F4xx_HAL_Driver/Src/stm32f4xx_hal_cortex.o
 .debug_rnglists
                0x00000000000003ba       0x70 ./Drivers/STM32F4xx_HAL_Driver/Src/stm32f4xx_hal_dma.o
 .debug_rnglists
                0x000000000000042a       0x3f ./Drivers/STM32F4xx_HAL_Driver/Src/stm32f4xx_hal_gpio.o
 .debug_rnglists
                0x0000000000000469      0x23c ./Drivers/STM32F4xx_HAL_Driver/Src/stm32f4xx_hal_i2c.o
 .debug_rnglists
                0x00000000000006a5       0x66 ./Drivers/STM32F4xx_HAL_Driver/Src/stm32f4xx_hal_rcc.o
 .debug_rnglists
                0x000000000000070b      0x31a ./Drivers/STM32F4xx_HAL_Driver/Src/stm32f4xx_hal_tim.o
 .debug_rnglists
                0x0000000000000a25      0x125 ./Drivers/STM32F4xx_HAL_Driver/Src/stm32f4xx_hal_tim_ex.o
 .debug_rnglists
                0x0000000000000b4a      0x1bc ./Drivers/STM32F4xx_HAL_Driver/Src/stm32f4xx_hal_uart.o

.debug_frame    0x0000000000000000     0x4bc8
 .debug_frame   0x0000000000000000       0x34 ./Core/Src/gpio.o
 .debug_frame   0x0000000000000034       0x90 ./Core/Src/i2c.o
 .debug_frame   0x00000000000000c4      0x1b4 ./Core/Src/main.o
 .debug_frame   0x0000000000000278      0x1a8 ./Core/Src/si5351.o
 .debug_frame   0x0000000000000420      0x164 ./Core/Src/ssd1306.o
 .debug_frame   0x0000000000000584       0x38 ./Core/Src/stm32f4xx_hal_msp.o
 .debug_frame   0x00000000000005bc      0x13c ./Core/Src/stm32f4xx_it.o
 .debug_frame   0x00000000000006f8       0x34 ./Core/Src/sysmem.o
 .debug_frame   0x000000000000072c       0x58 ./Core/Src/system_stm32f4xx.o
 .debug_frame   0x0000000000000784       0xe8 ./Core/Src/tim.o
 .debug_frame   0x000000000000086c       0x74 ./Core/Src/usart.o
 .debug_frame   0x00000000000008e0      0x374 ./Drivers/STM32F4xx_HAL_Driver/Src/stm32f4xx_hal.o
 .debug_frame   0x0000000000000c54      0x508 ./Drivers/STM32F4xx_HAL_Driver/Src/stm32f4xx_hal_cortex.o
 .debug_frame   0x000000000000115c      0x250 ./Drivers/STM32F4xx_HAL_Driver/Src/stm32f4xx_hal_dma.o
 .debug_frame   0x00000000000013ac      0x14c ./Drivers/STM32F4xx_HAL_Driver/Src/stm32f4xx_hal_gpio.o
 .debug_frame   0x00000000000014f8      0xc84 ./Drivers/STM32F4xx_HAL_Driver/Src/stm32f4xx_hal_i2c.o
 .debug_frame   0x000000000000217c      0x1f4 ./Drivers/STM32F4xx_HAL_Driver/Src/stm32f4xx_hal_rcc.o
 .debug_frame   0x0000000000002370     0x11b8 ./Drivers/STM32F4xx_HAL_Driver/Src/stm32f4xx_hal_tim.o
 .debug_frame   0x0000000000003528      0x638 ./Drivers/STM32F4xx_HAL_Driver/Src/stm32f4xx_hal_tim_ex.o
 .debug_frame   0x0000000000003b60      0x954 ./Drivers/STM32F4xx_HAL_Driver/Src/stm32f4xx_hal_uart.o
 .debug_frame   0x00000000000044b4      0x144 /opt/st/stm32cubeide_1.14.0/plugins/com.st.stm32cube.ide.mcu.externaltools.gnu-tools-for-stm32.11.3.rel1.linux64_1.1.100.202309141235/tools/bin/../lib/gcc/arm-none-eabi/11.3.1/../../../../arm-none-eabi/lib/thumb/v7e-m+fp/hard/libc_nano.a(libc_a-findfp.o)